Archive member included to satisfy reference by file (symbol)

c:/devkitPro/libctru/lib\libsf2d.a(sf2d.o)
                              main.o (sf2d_init)
c:/devkitPro/libctru/lib\libsf2d.a(sf2d_draw.o)
                              main.o (sf2d_draw_rectangle)
c:/devkitPro/libctru/lib\libsf2d.a(sf2d_private.o)
                              c:/devkitPro/libctru/lib\libsf2d.a(sf2d.o) (GPU_SetDummyTexEnv)
c:/devkitPro/libctru/lib\libsf2d.a(sf2d_texture.o)
                              main.o (sf2d_free_texture)
c:/devkitPro/libctru/lib\libsf2d.a(shader.vsh.o)
                              c:/devkitPro/libctru/lib\libsf2d.a(sf2d.o) (shader_vsh_shbin_size)
c:/devkitPro/libctru/lib\libctru.a(linear.o)
                              c:/devkitPro/libctru/lib\libsf2d.a(sf2d_texture.o) (linearMemAlign)
c:/devkitPro/libctru/lib\libctru.a(mem_pool.o)
                              c:/devkitPro/libctru/lib\libctru.a(linear.o) (MemPool::Allocate(MemChunk&, unsigned long, int))
c:/devkitPro/libctru/lib\libctru.a(vram.o)
                              c:/devkitPro/libctru/lib\libsf2d.a(sf2d.o) (vramMemAlign)
c:/devkitPro/libctru/lib\libctru.a(gfx.o)
                              c:/devkitPro/libctru/lib\libsf2d.a(sf2d.o) (gfxSet3D)
c:/devkitPro/libctru/lib\libctru.a(os.o)
                              c:/devkitPro/libctru/lib\libsf2d.a(sf2d.o) (osConvertVirtToPhys)
c:/devkitPro/libctru/lib\libctru.a(gpu.o)
                              c:/devkitPro/libctru/lib\libsf2d.a(sf2d.o) (GPU_Init)
c:/devkitPro/libctru/lib\libctru.a(gpuResetSequence.o)
                              c:/devkitPro/libctru/lib\libctru.a(gpu.o) (gpuResetSequenceLength)
c:/devkitPro/libctru/lib\libctru.a(shaderProgram.o)
                              c:/devkitPro/libctru/lib\libsf2d.a(sf2d.o) (shaderInstanceGetUniformLocation)
c:/devkitPro/libctru/lib\libctru.a(shbin.o)
                              c:/devkitPro/libctru/lib\libsf2d.a(sf2d.o) (DVLB_Free)
c:/devkitPro/libctru/lib\libctru.a(apt.o)
                              main.o (aptMainLoop)
c:/devkitPro/libctru/lib\libctru.a(csnd.o)
                              main.o (csndInit)
c:/devkitPro/libctru/lib\libctru.a(gsp.o)
                              c:/devkitPro/libctru/lib\libctru.a(gfx.o) (gspInit)
c:/devkitPro/libctru/lib\libctru.a(gx.o)
                              c:/devkitPro/libctru/lib\libctru.a(gfx.o) (gxCmdBuf)
c:/devkitPro/libctru/lib\libctru.a(hid.o)
                              main.o (hidScanInput)
c:/devkitPro/libctru/lib\libctru.a(irrst.o)
                              c:/devkitPro/libctru/lib\libctru.a(hid.o) (irrstExit)
c:/devkitPro/libctru/lib\libctru.a(rbtree_find.o)
                              c:/devkitPro/libctru/lib\libctru.a(linear.o) (rbtree_find)
c:/devkitPro/libctru/lib\libctru.a(rbtree_init.o)
                              c:/devkitPro/libctru/lib\libctru.a(linear.o) (rbtree_init)
c:/devkitPro/libctru/lib\libctru.a(rbtree_insert.o)
                              c:/devkitPro/libctru/lib\libctru.a(linear.o) (rbtree_insert)
c:/devkitPro/libctru/lib\libctru.a(rbtree_remove.o)
                              c:/devkitPro/libctru/lib\libctru.a(linear.o) (rbtree_remove)
c:/devkitPro/libctru/lib\libctru.a(rbtree_rotate.o)
                              c:/devkitPro/libctru/lib\libctru.a(rbtree_insert.o) (rbtree_rotate)
c:/devkitPro/libctru/lib\libctru.a(allocateHeaps.o)
                              c:/devkitPro/libctru/lib\libctru.a(linear.o) (__linear_heap)
c:/devkitPro/libctru/lib\libctru.a(initArgv.o)
                              c:/devkitpro/devkitarm/bin/../lib/gcc/arm-none-eabi/4.9.2/../../../../arm-none-eabi/lib/armv6k/fpu/3dsx_crt0.o (__system_argc)
c:/devkitPro/libctru/lib\libctru.a(initSystem.o)
                              c:/devkitPro/libctru/lib\libctru.a(apt.o) (__system_retAddr)
c:/devkitPro/libctru/lib\libctru.a(svc.o)
                              c:/devkitPro/libctru/lib\libctru.a(allocateHeaps.o) (svcControlMemory)
c:/devkitPro/libctru/lib\libctru.a(stack_adjust.o)
                              c:/devkitpro/devkitarm/bin/../lib/gcc/arm-none-eabi/4.9.2/../../../../arm-none-eabi/lib/armv6k/fpu/3dsx_crt0.o (initSystem)
c:/devkitPro/libctru/lib\libctru.a(srv.o)
                              c:/devkitPro/libctru/lib\libctru.a(apt.o) (srvGetServiceHandle)
c:/devkitPro/libctru/lib\libctru.a(rbtree_iterator.o)
                              c:/devkitPro/libctru/lib\libctru.a(rbtree_remove.o) (rbtree_node_next)
c:/devkitPro/libctru/lib\libctru.a(appExit.o)
                              c:/devkitPro/libctru/lib\libctru.a(stack_adjust.o) (__appExit)
c:/devkitPro/libctru/lib\libctru.a(appInit.o)
                              c:/devkitPro/libctru/lib\libctru.a(stack_adjust.o) (__appInit)
c:/devkitPro/libctru/lib\libctru.a(ctru_exit.o)
                              c:/devkitPro/libctru/lib\libctru.a(stack_adjust.o) (__libctru_exit)
c:/devkitPro/libctru/lib\libctru.a(sdmc_dev.o)
                              c:/devkitPro/libctru/lib\libctru.a(appInit.o) (sdmcInit)
[...]
Memory Configuration

Name             Origin             Length             Attributes
*default*        0x00000000         0xffffffff

Linker script and memory map

                0x00100000                . = 0x100000
                0x00100000                __start__ = .

.text           0x00100000    0x17158
 *(.crt0)
 .crt0          0x00100000       0x94 c:/devkitpro/devkitarm/bin/../lib/gcc/arm-none-eabi/4.9.2/../../../../arm-none-eabi/lib/armv6k/fpu/3dsx_crt0.o
                0x00100000                _start
                0x00100008                __service_ptr
                0x0010000c                __apt_appid
                0x00100010                __heap_size
                0x00100014                __linear_heap_size
                0x00100018                __system_arglist
                0x0010001c                __system_runflags
 *(.init)
 .init          0x00100094        0xc c:/devkitpro/devkitarm/bin/../lib/gcc/arm-none-eabi/4.9.2/armv6k/fpu/crti.o
                0x00100094                _init
 .init          0x001000a0        0xc c:/devkitpro/devkitarm/bin/../lib/gcc/arm-none-eabi/4.9.2/armv6k/fpu/crtn.o
                0x001000ac                . = ALIGN (0x4)
 *(.text)
 .text          0x001000ac        0x0 c:/devkitpro/devkitarm/bin/../lib/gcc/arm-none-eabi/4.9.2/../../../../arm-none-eabi/lib/armv6k/fpu/3dsx_crt0.o
 .text          0x001000ac        0x0 c:/devkitpro/devkitarm/bin/../lib/gcc/arm-none-eabi/4.9.2/armv6k/fpu/crti.o
 .text          0x001000ac      0x108 c:/devkitpro/devkitarm/bin/../lib/gcc/arm-none-eabi/4.9.2/armv6k/fpu/crtbegin.o
 .text          0x001001b4        0x0 america_img.o
 .text          0x001001b4        0x0 cat2_img.o
 .text          0x001001b4        0x0 dub_img.o
 .text          0x001001b4        0x0 dub_tail_img.o
 .text          0x001001b4        0x0 font_img.o
 .text          0x001001b4        0x0 gb_img.o
 .text          0x001001b4        0x0 grumpy_img.o
 .text          0x001001b4        0x0 j5_img.o
 .text          0x001001b4        0x0 jamaicnyan_img.o
 .text          0x001001b4        0x0 jazz_img.o
 .text          0x001001b4     0x1904 main.o
 .text          0x00101ab8        0x0 mummy_img.o
 .text          0x00101ab8        0x0 nyaned_img.o
 .text          0x00101ab8        0x0 pikanyan_img.o
 .text          0x00101ab8        0x0 sad_img.o
 .text          0x00101ab8        0x0 seconds_img.o
 .text          0x00101ab8        0x0 selectscreeen_img.o
 .text          0x00101ab8        0x0 skull_img.o
 .text          0x00101ab8        0x0 star_img.o
 .text          0x00101ab8        0x0 tacnayn_img.o
 .text          0x00101ab8        0x0 technyancolor_img.o
 .text          0x00101ab8        0x0 zombie_img.o
 .text          0x00101ab8      0x6e0 c:/devkitPro/libctru/lib\libsf2d.a(sf2d.o)
                0x00101c54                sf2d_init
                0x00101c7c                sf2d_init_advanced
                0x00101c9c                sf2d_fini
                0x00101cf8                sf2d_set_3D
                0x00101d04                sf2d_start_frame
                0x00101ebc                sf2d_end_frame
                0x00101fd4                sf2d_swapbuffers
                0x00102084                sf2d_set_vblank_wait
                0x00102094                sf2d_get_fps
                0x001020a4                sf2d_pool_malloc
                0x001020d0                sf2d_pool_memalign
                0x00102110                sf2d_pool_space_free
                0x00102128                sf2d_pool_reset
                0x0010213c                sf2d_set_clear_color
                0x0010214c                sf2d_set_scissor_test
 .text          0x00102198      0x5d8 c:/devkitPro/libctru/lib\libsf2d.a(sf2d_draw.o)
                0x00102198                sf2d_draw_line
                0x0010236c                sf2d_draw_rectangle
                0x00102520                sf2d_draw_rectangle_rotate
 .text          0x00102770      0x4f8 c:/devkitPro/libctru/lib\libsf2d.a(sf2d_private.o)
                0x00102770                GPU_SetDummyTexEnv
                0x001027a4                vector_mult_matrix4x4
                0x00102828                matrix_gpu_set_uniform
                0x00102878                matrix_copy
                0x001028b4                matrix_identity4x4
                0x00102900                matrix_mult4x4
                0x00102974                matrix_set_z_rotation
                0x001029e8                matrix_rotate_z
                0x00102a48                matrix_set_scaling
                0x00102a94                matrix_swap_xy
                0x00102b34                matrix_init_orthographic
                0x00102c48                next_pow2
 .text          0x00102c68     0x1124 c:/devkitPro/libctru/lib\libsf2d.a(sf2d_texture.o)
                0x00102c68                sf2d_create_texture
                0x00102da8                sf2d_free_texture
                0x00102df8                sf2d_free_texture_test
                0x00102e18                sf2d_bind_texture
                0x00102e90                sf2d_bind_texture_color
                0x00102f10                sf2d_draw_texture
                0x00103054                sf2d_draw_texture_rotate
                0x00103234                sf2d_draw_texture_part
                0x001033b4                sf2d_draw_texture_scale
                0x00103520                sf2d_draw_texture_rotate_cut_scale
                0x0010374c                sf2d_draw_texture_blend
                0x00103898                sf2d_draw_texture_part_blend
                0x00103a1c                sf2d_draw_texture_depth
                0x00103b7c                sf2d_texture_tile32
                0x00103c9c                sf2d_fill_texture_from_RGBA8
                0x00103d48                sf2d_create_texture_mem_RGBA8
 .text          0x00103d8c        0x0 c:/devkitPro/libctru/lib\libsf2d.a(shader.vsh.o)
 .text          0x00103d8c      0x1d4 c:/devkitPro/libctru/lib\libctru.a(linear.o)
                0x00103db4                linearMemAlign
                0x00103ef4                linearAlloc
                0x00103efc                linearRealloc
                0x00103f04                linearFree
                0x00103f54                linearSpaceFree
 .text          0x00103f60      0x35c c:/devkitPro/libctru/lib\libctru.a(mem_pool.o)
                0x00103f60                MemPool::CoalesceRight(MemBlock*)
                0x00104000                MemPool::Allocate(MemChunk&, unsigned long, int)
                0x00104188                MemPool::Deallocate(MemChunk const&)
                0x0010428c                MemPool::GetFreeSpace()
 .text          0x001042bc      0x1c4 c:/devkitPro/libctru/lib\libctru.a(vram.o)
                0x001042e4                vramMemAlign
                0x00104414                vramAlloc
                0x0010441c                vramRealloc
                0x00104424                vramFree
                0x00104474                vramSpaceFree
 .text          0x00104480      0x72c c:/devkitPro/libctru/lib\libctru.a(gfx.o)
                0x0010450c                gfxSet3D
                0x0010451c                gfxSetScreenFormat
                0x00104534                gfxGetScreenFormat
                0x0010454c                gfxSetDoubleBuffering
                0x00104560                gfxSetFramebufferInfo
                0x001045d0                gfxWriteFramebufferInfo
                0x00104694                gfxInit
                0x00104874                gfxInitDefault
                0x00104884                gfxExit
                0x00104950                gfxGetFramebuffer
                0x00104a00                gfxFlushBuffers
                0x00104adc                gfxSwapBuffers
                0x00104b50                gfxSwapBuffersGpu
 *fill*         0x00104bac        0x4 
 .text          0x00104bb0      0x278 c:/devkitPro/libctru/lib\libctru.a(os.o)
                0x00104c08                osConvertVirtToPhys
                0x00104c54                osConvertOldLINEARMemToNew
                0x00104c74                __libctru_gtod
                0x00104d6c                osGetTime
                0x00104de0                osGetFirmVersion
                0x00104df4                osGetKernelVersion
                0x00104e08                osStrError
 .text          0x00104e28     0x1a08 c:/devkitPro/libctru/lib\libctru.a(gpu.o)
                0x00104e50                GPU_Init
                0x00104e7c                GPUCMD_SetBuffer
                0x00104ea8                GPUCMD_SetBufferOffset
                0x00104eb8                GPUCMD_GetBuffer
                0x00104ef8                GPUCMD_AddRawCommands
                0x00104f44                GPUCMD_Run
                0x00104fa4                GPUCMD_FlushAndRun
                0x00105018                GPUCMD_Add
                0x001050fc                GPUCMD_Finalize
                0x00105194                GPU_Reset
                0x00105974                GPU_SetFloatUniform
                0x001059ec                f32tof24
                0x00105a04                computeInvValue
                0x00105aac                GPU_SetViewport
                0x00105cc8                GPU_SetScissorTest
                0x00105d14                GPU_DepthMap
                0x00105dac                GPU_SetAlphaTest
                0x00105de4                GPU_SetStencilTest
                0x00105e2c                GPU_SetStencilOp
                0x00105e60                GPU_SetDepthTestAndWriteMask
                0x00105e98                GPU_SetAlphaBlending
                0x00105f00                GPU_SetColorLogicOp
                0x00105f44                GPU_SetBlendingColor
                0x00105f80                GPU_SetTextureEnable
                0x00105fcc                GPU_SetTexture
                0x00106164                GPU_SetAttributeBuffers
                0x00106360                GPU_SetAttributeBuffersAddress
                0x0010638c                GPU_SetFaceCulling
                0x001063b8                GPU_SetTexEnv
                0x00106430                GPU_DrawArray
                0x00106544                GPU_DrawElements
                0x00106660                GPU_FinishDrawing
                0x001066bc                GPU_SetShaderOutmap
                0x00106704                GPU_SendShaderCode
                0x001067bc                GPU_SendOperandDescriptors
 .text          0x00106830        0x0 c:/devkitPro/libctru/lib\libctru.a(gpuResetSequence.o)
 .text          0x00106830      0x7f4 c:/devkitPro/libctru/lib\libctru.a(shaderProgram.o)
                0x00106830                shaderInstanceInit
                0x00106a38                shaderInstanceFree
                0x00106a70                shaderInstanceSetBool
                0x00106ab0                shaderInstanceGetBool
                0x00106afc                shaderInstanceGetUniformLocation
                0x00106b1c                shaderProgramInit
                0x00106b34                shaderProgramFree
                0x00106b64                shaderProgramSetVsh
                0x00106bd0                shaderProgramSetGsh
                0x00106c44                shaderProgramUse
 .text          0x00107024      0x348 c:/devkitPro/libctru/lib\libctru.a(shbin.o)
                0x00107024                DVLB_Free
                0x00107060                DVLE_GetUniformRegister
                0x001070dc                DVLE_GenerateOutmap
                0x001071d4                DVLB_ParseFile
 .text          0x0010736c     0x1b88 c:/devkitPro/libctru/lib\libctru.a(apt.o)
                0x001073d0                _aptDebug
                0x001073d4                aptInitCaptureInfo
                0x00107488                aptWaitStatusEvent
                0x001074b0                aptGetStatus
                0x001074e8                aptSetStatus
                0x0010754c                aptGetStatusPower
                0x00107584                aptSetStatusPower
                0x001075bc                aptOpenSession
                0x001075e0                aptCloseSession
                0x00107608                aptSignalReadyForSleep
                0x00107618                APT_GetLockHandle
                0x00107668                APT_Initialize
                0x001076d0                APT_Finalize
                0x0010770c                APT_HardwareResetAsync
                0x00107740                APT_Enable
                0x0010777c                APT_GetAppletManInfo
                0x001077fc                aptGetMenuAppID
                0x00107838                APT_IsRegistered
                0x00107888                APT_InquireNotification
                0x001078d8                APT_PrepareToJumpToHomeMenu
                0x0010790c                APT_JumpToHomeMenu
                0x0010795c                APT_PrepareToJumpToApplication
                0x00107998                APT_JumpToApplication
                0x001079e8                APT_NotifyToWait
                0x00107a24                APT_AppletUtility
                0x00107aac                aptAppletUtility_Exit_RetToApp
                0x00107bcc                aptAppletClosed
                0x00107d00                aptInit
                0x00107eb8                APT_GlanceParameter
                0x00107f2c                APT_ReceiveParameter
                0x00107fa0                APT_SendParameter
                0x00108010                APT_SendCaptureBufferInfo
                0x0010805c                aptReturnToMenu
                0x0010822c                APT_ReplySleepQuery
                0x0010826c                APT_ReplySleepNotificationComplete
                0x001082a8                aptEventHandler
                0x001085a0                APT_PrepareToCloseApplication
                0x001085dc                APT_CloseApplication
                0x00108634                aptExit
                0x00108820                APT_SetAppCpuTimeLimit
                0x00108864                APT_GetAppCpuTimeLimit
                0x001088b8                APT_CheckNew3DS_Application
                0x00108908                APT_CheckNew3DS_System
                0x00108958                APT_CheckNew3DS
                0x001089d4                APT_PrepareToDoAppJump
                0x00108a20                APT_DoAppJump
                0x00108a88                APT_PrepareToStartLibraryApplet
                0x00108ac4                APT_StartLibraryApplet
                0x00108b24                aptAppletStarted
                0x00108c28                aptMainLoop
                0x00108ca0                APT_LaunchLibraryApplet
                0x00108e58                APT_PrepareToStartSystemApplet
                0x00108e94                APT_StartSystemApplet
 .text          0x00108ef4      0xb20 c:/devkitPro/libctru/lib\libctru.a(csnd.o)
                0x00108ef4                CSND_AcquireCapUnit
                0x00108f2c                CSND_ReleaseCapUnit
                0x00108f60                CSND_Reset
                0x00108f8c                csndInit
                0x001090b0                csndExit
                0x0010912c                csndAddCmd
                0x001091ec                csndWriteCmd
                0x0010922c                csndExecCmds
                0x001092c8                CSND_SetPlayStateR
                0x001092e8                CSND_SetPlayState
                0x00109308                CSND_SetEncoding
                0x00109328                CSND_SetBlock
                0x00109358                CSND_SetLooping
                0x00109378                CSND_SetBit7
                0x00109398                CSND_SetInterp
                0x001093b8                CSND_SetDuty
                0x001093d8                CSND_SetTimer
                0x001093f8                CSND_SetVol
                0x00109420                CSND_SetAdpcmState
                0x0010945c                CSND_SetAdpcmReload
                0x0010947c                CSND_SetChnRegs
                0x001094bc                CSND_SetChnRegsPSG
                0x001094ec                CSND_SetChnRegsNoise
                0x00109514                CSND_CapEnable
                0x00109534                CSND_CapSetRepeat
                0x0010955c                CSND_CapSetFormat
                0x00109580                CSND_CapSetBit2
                0x001095a4                CSND_CapSetTimer
                0x001095c8                CSND_CapSetBuffer
                0x001095f4                CSND_SetCapRegs
                0x00109628                CSND_SetDspFlags
                0x00109644                CSND_UpdateInfo
                0x00109660                csndPlaySound
                0x001098ac                csndGetDspFlags
                0x00109904                csndGetChnInfo
                0x00109944                csndGetCapInfo
                0x0010996c                csndGetState
                0x001099ec                csndIsPlaying
 .text          0x00109a14      0x8c8 c:/devkitPro/libctru/lib\libctru.a(gsp.o)
                0x00109b20                gspInit
                0x00109b34                gspExit
                0x00109b4c                gspInitEventHandler
                0x00109c18                gspExitEventHandler
                0x00109c70                gspWaitForEvent
                0x00109cc8                GSPGPU_WriteHWRegs
                0x00109d38                GSPGPU_WriteHWRegsWithMask
                0x00109dc4                GSPGPU_ReadHWRegs
                0x00109e34                GSPGPU_SetBufferSwap
                0x00109ea8                GSPGPU_FlushDataCache
                0x00109efc                GSPGPU_InvalidateDataCache
                0x00109f50                GSPGPU_SetLcdForceBlack
                0x00109f8c                GSPGPU_TriggerCmdReqQueue
                0x00109fc0                GSPGPU_RegisterInterruptRelayQueue
                0x0010a02c                GSPGPU_UnregisterInterruptRelayQueue
                0x0010a060                GSPGPU_AcquireRight
                0x0010a0b0                GSPGPU_ReleaseRight
                0x0010a0e4                GSPGPU_ImportDisplayCaptureInfo
                0x0010a168                GSPGPU_SaveVramSysArea
                0x0010a19c                GSPGPU_RestoreVramSysArea
                0x0010a1d0                GSPGPU_SubmitGxCommand
 .text          0x0010a2dc      0x264 c:/devkitPro/libctru/lib\libctru.a(gx.o)
                0x0010a2dc                GX_RequestDma
                0x0010a330                GX_SetCommandList_Last
                0x0010a398                GX_SetMemoryFill
                0x0010a40c                GX_SetDisplayTransfer
                0x0010a470                GX_SetTextureCopy
                0x0010a4d8                GX_SetCommandList_First
 .text          0x0010a540      0x6e0 c:/devkitPro/libctru/lib\libctru.a(hid.o)
                0x0010a540                hidExit
                0x0010a5e4                hidWaitForEvent
                0x0010a63c                hidCheckSectionUpdateTime
                0x0010a678                hidScanInput
                0x0010a8ac                hidKeysHeld
                0x0010a8bc                hidKeysDown
                0x0010a8cc                hidKeysUp
                0x0010a8dc                hidTouchRead
                0x0010a8f4                hidCircleRead
                0x0010a90c                hidAccelRead
                0x0010a92c                hidGyroRead
                0x0010a94c                HIDUSER_GetHandles
                0x0010a9dc                hidInit
                0x0010aafc                HIDUSER_EnableAccelerometer
                0x0010ab28                HIDUSER_DisableAccelerometer
                0x0010ab54                HIDUSER_EnableGyroscope
                0x0010ab80                HIDUSER_DisableGyroscope
                0x0010abac                HIDUSER_GetGyroscopeRawToDpsCoefficient
                0x0010abe8                HIDUSER_GetSoundVolume
 .text          0x0010ac20      0x350 c:/devkitPro/libctru/lib\libctru.a(irrst.o)
                0x0010ac20                irrstExit
                0x0010ac88                irrstWaitForEvent
                0x0010acd4                irrstCheckSectionUpdateTime
                0x0010ad10                irrstScanInput
                0x0010adc4                irrstKeysHeld
                0x0010addc                irrstCstickRead
                0x0010adf4                IRRST_GetHandles
                0x0010ae44                irrstInit
                0x0010af0c                IRRST_Initialize
                0x0010af44                IRRST_Shutdown
 .text          0x0010af70       0x70 c:/devkitPro/libctru/lib\libctru.a(rbtree_find.o)
                0x0010af70                rbtree_find
 .text          0x0010afe0       0x14 c:/devkitPro/libctru/lib\libctru.a(rbtree_init.o)
                0x0010afe0                rbtree_init
 .text          0x0010aff4      0x1f4 c:/devkitPro/libctru/lib\libctru.a(rbtree_insert.o)
                0x0010b1d8                rbtree_insert
                0x0010b1e0                rbtree_insert_multi
 .text          0x0010b1e8      0x340 c:/devkitPro/libctru/lib\libctru.a(rbtree_remove.o)
                0x0010b1e8                rbtree_remove
 .text          0x0010b528       0xac c:/devkitPro/libctru/lib\libctru.a(rbtree_rotate.o)
                0x0010b528                rbtree_rotate
 .text          0x0010b5d4       0xa4 c:/devkitPro/libctru/lib\libctru.a(allocateHeaps.o)
                0x0010b5d4                __system_allocateHeaps
 .text          0x0010b678       0xf4 c:/devkitPro/libctru/lib\libctru.a(initArgv.o)
                0x0010b678                __system_initArgv
 .text          0x0010b76c       0x4c c:/devkitPro/libctru/lib\libctru.a(initSystem.o)
                0x0010b76c                __libctru_init
 *fill*         0x0010b7b8        0x8 
 .text          0x0010b7c0      0x350 c:/devkitPro/libctru/lib\libctru.a(svc.o)
                0x0010b7c0                svcControlMemory
                0x0010b7e0                svcQueryMemory
                0x0010b810                svcExitProcess
                0x0010b818                svcCreateThread
                0x0010b838                svcExitThread
                0x0010b840                svcSleepThread
                0x0010b848                svcSetThreadPriority
                0x0010b850                svcGetProcessorID
                0x0010b858                svcCreateMutex
                0x0010b86c                svcReleaseMutex
                0x0010b874                svcCreateSemaphore
                0x0010b888                svcReleaseSemaphore
                0x0010b89c                svcCreateEvent
                0x0010b8b0                svcSignalEvent
                0x0010b8b8                svcClearEvent
                0x0010b8c0                svcCreateTimer
                0x0010b8d4                svcSetTimer
                0x0010b8dc                svcCancelTimer
                0x0010b8e4                svcClearTimer
                0x0010b8ec                svcCreateMemoryBlock
                0x0010b904                svcMapMemoryBlock
                0x0010b90c                svcUnmapMemoryBlock
                0x0010b914                svcCreateAddressArbiter
                0x0010b928                svcArbitrateAddress
                0x0010b948                svcCloseHandle
                0x0010b950                svcWaitSynchronization
                0x0010b958                svcWaitSynchronizationN
                0x0010b980                svcDuplicateHandle
                0x0010b994                svcGetSystemTick
                0x0010b99c                svcGetSystemInfo
                0x0010b9bc                svcGetProcessInfo
                0x0010b9d8                svcConnectToPort
                0x0010b9ec                svcSendSyncRequest
                0x0010b9f4                svcOpenProcess
                0x0010ba08                svcGetProcessId
                0x0010ba1c                svcGetThreadId
                0x0010ba30                svcOutputDebugString
                0x0010ba38                svcCreatePort
                0x0010ba58                svcDebugActiveProcess
                0x0010ba6c                svcBreakDebugProcess
                0x0010ba74                svcTerminateDebugProcess
                0x0010ba7c                svcGetProcessDebugEvent
                0x0010ba84                svcContinueDebugEvent
                0x0010ba8c                svcGetProcessList
                0x0010baac                svcReadProcessMemory
                0x0010bab4                svcWriteProcessMemory
                0x0010babc                svcControlProcessMemory
                0x0010bad4                svcMapProcessMemory
                0x0010badc                svcUnmapProcessMemory
                0x0010bae4                svcBackdoor
                0x0010baec                svcQueryProcessMemory
 .text          0x0010bb10       0x64 c:/devkitPro/libctru/lib\libctru.a(stack_adjust.o)
                0x0010bb10                initSystem
                0x0010bb54                __ctru_exit
 .text          0x0010bb74      0x3ac c:/devkitPro/libctru/lib\libctru.a(srv.o)
                0x0010bb74                __get_handle_from_list
                0x0010bc0c                __destroy_handle_list
                0x0010bc60                srvExit
                0x0010bc88                srvRegisterClient
                0x0010bcc0                srvInit
                0x0010bd28                srvGetServiceHandle
                0x0010bda8                srvRegisterService
                0x0010be04                srvUnregisterService
                0x0010be50                srvPmInit
                0x0010bea4                srvRegisterProcess
                0x0010beec                srvUnregisterProcess
 .text          0x0010bf20      0x118 c:/devkitPro/libctru/lib\libctru.a(rbtree_iterator.o)
                0x0010bf20                rbtree_node_next
                0x0010bfac                rbtree_node_prev
 .text          0x0010c038       0x1c c:/devkitPro/libctru/lib\libctru.a(appExit.o)
                0x0010c038                __appExit
 .text          0x0010c054       0x20 c:/devkitPro/libctru/lib\libctru.a(appInit.o)
                0x0010c054                __appInit
 .text          0x0010c074       0x90 c:/devkitPro/libctru/lib\libctru.a(ctru_exit.o)
                0x0010c074                __libctru_exit
 .text          0x0010c104      0xffc c:/devkitPro/libctru/lib\libctru.a(sdmc_dev.o)
                0x0010cf80                sdmcInit
                0x0010d0b0                sdmcExit
 .text          0x0010d100      0xc7c c:/devkitPro/libctru/lib\libctru.a(fs.o)
                0x0010d100                FS_makePath
                0x0010d12c                fsExit
                0x0010d150                FSUSER_Initialize
                0x0010d1c4                fsInit
                0x0010d230                FSUSER_OpenFile
                0x0010d2dc                FSUSER_OpenFileDirectly
                0x0010d3a8                FSUSER_DeleteFile
                0x0010d430                FSUSER_RenameFile
                0x0010d4f4                FSUSER_DeleteDirectory
                0x0010d57c                FSUSER_DeleteDirectoryRecursively
                0x0010d604                FSUSER_CreateFile
                0x0010d69c                FSUSER_CreateDirectory
                0x0010d728                FSUSER_RenameDirectory
                0x0010d7ec                FSUSER_OpenDirectory
                0x0010d880                FSUSER_OpenArchive
                0x0010d908                FSUSER_CloseArchive
                0x0010d960                FSUSER_GetSdmcArchiveResource
                0x0010d9dc                FSUSER_GetNandArchiveResource
                0x0010da58                FSUSER_IsSdmcDetected
                0x0010daa4                FSUSER_IsSdmcWritable
                0x0010daf0                FSFILE_Close
                0x0010db34                FSFILE_Read
                0x0010db90                FSFILE_Write
                0x0010dbf4                FSFILE_GetSize
                0x0010dc34                FSFILE_SetSize
                0x0010dc60                FSFILE_GetAttributes
                0x0010dc98                FSFILE_SetAttributes
                0x0010dcc0                FSFILE_Flush
                0x0010dce4                FSDIR_Read
                0x0010dd38                FSDIR_Close
 .text          0x0010dd7c      0x138 c:/devkitPro/libctru/lib\libctru.a(decode_utf8.o)
                0x0010dd7c                decode_utf8
 .text          0x0010deb4       0xe8 c:/devkitPro/libctru/lib\libctru.a(utf16_to_utf8.o)
                0x0010deb4                utf16_to_utf8
 .text          0x0010df9c       0xb8 c:/devkitPro/libctru/lib\libctru.a(utf8_to_utf16.o)
                0x0010df9c                utf8_to_utf16
 .text          0x0010e054       0x60 c:/devkitPro/libctru/lib\libctru.a(decode_utf16.o)
                0x0010e054                decode_utf16
 .text          0x0010e0b4       0x68 c:/devkitPro/libctru/lib\libctru.a(encode_utf16.o)
                0x0010e0b4                encode_utf16
 .text          0x0010e11c      0x104 c:/devkitPro/libctru/lib\libctru.a(encode_utf8.o)
                0x0010e11c                encode_utf8
 .text          0x0010e220        0x0 c:/devkitpro/devkitarm/bin/../lib/gcc/arm-none-eabi/4.9.2/../../../../arm-none-eabi/lib/armv6k/fpu\libm.a(lib_a-sf_cos.o)
 .text          0x0010e220        0x0 c:/devkitpro/devkitarm/bin/../lib/gcc/arm-none-eabi/4.9.2/../../../../arm-none-eabi/lib/armv6k/fpu\libm.a(lib_a-sf_sin.o)
 .text          0x0010e220        0x0 c:/devkitpro/devkitarm/bin/../lib/gcc/arm-none-eabi/4.9.2/../../../../arm-none-eabi/lib/armv6k/fpu\libm.a(lib_a-ef_rem_pio2.o)
 .text          0x0010e220        0x0 c:/devkitpro/devkitarm/bin/../lib/gcc/arm-none-eabi/4.9.2/../../../../arm-none-eabi/lib/armv6k/fpu\libm.a(lib_a-kf_cos.o)
 .text          0x0010e220        0x0 c:/devkitpro/devkitarm/bin/../lib/gcc/arm-none-eabi/4.9.2/../../../../arm-none-eabi/lib/armv6k/fpu\libm.a(lib_a-kf_rem_pio2.o)
 .text          0x0010e220        0x0 c:/devkitpro/devkitarm/bin/../lib/gcc/arm-none-eabi/4.9.2/../../../../arm-none-eabi/lib/armv6k/fpu\libm.a(lib_a-kf_sin.o)
 .text          0x0010e220        0x0 c:/devkitpro/devkitarm/bin/../lib/gcc/arm-none-eabi/4.9.2/../../../../arm-none-eabi/lib/armv6k/fpu\libm.a(lib_a-sf_fabs.o)
 .text          0x0010e220        0x0 c:/devkitpro/devkitarm/bin/../lib/gcc/arm-none-eabi/4.9.2/../../../../arm-none-eabi/lib/armv6k/fpu\libm.a(lib_a-sf_floor.o)
 .text          0x0010e220        0x0 c:/devkitpro/devkitarm/bin/../lib/gcc/arm-none-eabi/4.9.2/../../../../arm-none-eabi/lib/armv6k/fpu\libm.a(lib_a-sf_scalbn.o)
 .text          0x0010e220        0x0 c:/devkitpro/devkitarm/bin/../lib/gcc/arm-none-eabi/4.9.2/../../../../arm-none-eabi/lib/armv6k/fpu\libm.a(lib_a-sf_copysign.o)
 .text          0x0010e220      0x20c c:/devkitpro/devkitarm/bin/../lib/gcc/arm-none-eabi/4.9.2/armv6k/fpu\libgcc.a(_udivsi3.o)
                0x0010e220                __aeabi_uidiv
                0x0010e220                __udivsi3
                0x0010e40c                __aeabi_uidivmod
 .text          0x0010e42c      0x240 c:/devkitpro/devkitarm/bin/../lib/gcc/arm-none-eabi/4.9.2/armv6k/fpu\libgcc.a(_divsi3.o)
                0x0010e42c                __divsi3
                0x0010e42c                __aeabi_idiv
                0x0010e64c                __aeabi_idivmod
 .text          0x0010e66c        0x4 c:/devkitpro/devkitarm/bin/../lib/gcc/arm-none-eabi/4.9.2/armv6k/fpu\libgcc.a(_dvmd_tls.o)
                0x0010e66c                __aeabi_idiv0
                0x0010e66c                __aeabi_ldiv0
 .text          0x0010e670      0x250 c:/devkitpro/devkitarm/bin/../lib/gcc/arm-none-eabi/4.9.2/armv6k/fpu\libgcc.a(_arm_addsubsf3.o)
                0x0010e670                __aeabi_frsub
                0x0010e678                __subsf3
                0x0010e678                __aeabi_fsub
                0x0010e67c                __aeabi_fadd
                0x0010e67c                __addsf3
                0x0010e80c                __aeabi_ui2f
                0x0010e80c                __floatunsisf
                0x0010e814                __aeabi_i2f
                0x0010e814                __floatsisf
                0x0010e834                __aeabi_ul2f
                0x0010e834                __floatundisf
                0x0010e844                __aeabi_l2f
                0x0010e844                __floatdisf
 .text          0x0010e8c0       0x3c c:/devkitpro/devkitarm/bin/../lib/gcc/arm-none-eabi/4.9.2/armv6k/fpu\libgcc.a(_aeabi_uldivmod.o)
                0x0010e8c0                __aeabi_uldivmod
 .text          0x0010e8fc       0x44 c:/devkitpro/devkitarm/bin/../lib/gcc/arm-none-eabi/4.9.2/armv6k/fpu\libgcc.a(_popcountsi2.o)
                0x0010e8fc                __popcountsi2
 .text          0x0010e940       0x78 c:/devkitpro/devkitarm/bin/../lib/gcc/arm-none-eabi/4.9.2/armv6k/fpu\libgcc.a(bpabi.o)
                0x0010e940                __gnu_ldivmod_helper
                0x0010e97c                __gnu_uldivmod_helper
 .text          0x0010e9b8      0x180 c:/devkitpro/devkitarm/bin/../lib/gcc/arm-none-eabi/4.9.2/armv6k/fpu\libgcc.a(_divdi3.o)
                0x0010e9b8                __divdi3
 .text          0x0010eb38      0x124 c:/devkitpro/devkitarm/bin/../lib/gcc/arm-none-eabi/4.9.2/armv6k/fpu\libgcc.a(_udivdi3.o)
                0x0010eb38                __udivdi3
 .text          0x0010ec5c        0x0 c:/devkitpro/devkitarm/bin/../lib/gcc/arm-none-eabi/4.9.2/../../../../arm-none-eabi/lib/armv6k/fpu\libg.a(lib_a-bsearch.o)
 .text          0x0010ec5c        0x0 c:/devkitpro/devkitarm/bin/../lib/gcc/arm-none-eabi/4.9.2/../../../../arm-none-eabi/lib/armv6k/fpu\libg.a(lib_a-fclose.o)
 .text          0x0010ec5c        0x0 c:/devkitpro/devkitarm/bin/../lib/gcc/arm-none-eabi/4.9.2/../../../../arm-none-eabi/lib/armv6k/fpu\libg.a(lib_a-fflush.o)
 .text          0x0010ec5c        0x0 c:/devkitpro/devkitarm/bin/../lib/gcc/arm-none-eabi/4.9.2/../../../../arm-none-eabi/lib/armv6k/fpu\libg.a(lib_a-findfp.o)
 .text          0x0010ec5c        0x0 c:/devkitpro/devkitarm/bin/../lib/gcc/arm-none-eabi/4.9.2/../../../../arm-none-eabi/lib/armv6k/fpu\libg.a(lib_a-fini.o)
 .text          0x0010ec5c        0x0 c:/devkitpro/devkitarm/bin/../lib/gcc/arm-none-eabi/4.9.2/../../../../arm-none-eabi/lib/armv6k/fpu\libg.a(lib_a-fopen.o)
 .text          0x0010ec5c        0x0 c:/devkitpro/devkitarm/bin/../lib/gcc/arm-none-eabi/4.9.2/../../../../arm-none-eabi/lib/armv6k/fpu\libg.a(lib_a-fread.o)
 .text          0x0010ec5c        0x0 c:/devkitpro/devkitarm/bin/../lib/gcc/arm-none-eabi/4.9.2/../../../../arm-none-eabi/lib/armv6k/fpu\libg.a(lib_a-freer.o)
 .text          0x0010ec5c        0x0 c:/devkitpro/devkitarm/bin/../lib/gcc/arm-none-eabi/4.9.2/../../../../arm-none-eabi/lib/armv6k/fpu\libg.a(lib_a-fseek.o)
 .text          0x0010ec5c        0x0 c:/devkitpro/devkitarm/bin/../lib/gcc/arm-none-eabi/4.9.2/../../../../arm-none-eabi/lib/armv6k/fpu\libg.a(lib_a-fseeko.o)
 .text          0x0010ec5c        0x0 c:/devkitpro/devkitarm/bin/../lib/gcc/arm-none-eabi/4.9.2/../../../../arm-none-eabi/lib/armv6k/fpu\libg.a(lib_a-ftell.o)
 .text          0x0010ec5c        0x0 c:/devkitpro/devkitarm/bin/../lib/gcc/arm-none-eabi/4.9.2/../../../../arm-none-eabi/lib/armv6k/fpu\libg.a(lib_a-ftello.o)
 .text          0x0010ec5c        0x0 c:/devkitpro/devkitarm/bin/../lib/gcc/arm-none-eabi/4.9.2/../../../../arm-none-eabi/lib/armv6k/fpu\libg.a(lib_a-fwalk.o)
 .text          0x0010ec5c        0x0 c:/devkitpro/devkitarm/bin/../lib/gcc/arm-none-eabi/4.9.2/../../../../arm-none-eabi/lib/armv6k/fpu\libg.a(lib_a-impure.o)
 .text          0x0010ec5c        0x0 c:/devkitpro/devkitarm/bin/../lib/gcc/arm-none-eabi/4.9.2/../../../../arm-none-eabi/lib/armv6k/fpu\libg.a(lib_a-init.o)
 .text          0x0010ec5c        0x0 c:/devkitpro/devkitarm/bin/../lib/gcc/arm-none-eabi/4.9.2/../../../../arm-none-eabi/lib/armv6k/fpu\libg.a(lib_a-makebuf.o)
 .text          0x0010ec5c        0x0 c:/devkitpro/devkitarm/bin/../lib/gcc/arm-none-eabi/4.9.2/../../../../arm-none-eabi/lib/armv6k/fpu\libg.a(lib_a-malloc.o)
 .text          0x0010ec5c        0x0 c:/devkitpro/devkitarm/bin/../lib/gcc/arm-none-eabi/4.9.2/../../../../arm-none-eabi/lib/armv6k/fpu\libg.a(lib_a-mallocr.o)
 .text          0x0010ec5c        0x0 c:/devkitpro/devkitarm/bin/../lib/gcc/arm-none-eabi/4.9.2/../../../../arm-none-eabi/lib/armv6k/fpu\libg.a(lib_a-memcpy.o)
 .text          0x0010ec5c        0x0 c:/devkitpro/devkitarm/bin/../lib/gcc/arm-none-eabi/4.9.2/../../../../arm-none-eabi/lib/armv6k/fpu\libg.a(lib_a-memset.o)
 .text          0x0010ec5c        0x0 c:/devkitpro/devkitarm/bin/../lib/gcc/arm-none-eabi/4.9.2/../../../../arm-none-eabi/lib/armv6k/fpu\libg.a(lib_a-mlock.o)
 .text          0x0010ec5c        0x0 c:/devkitpro/devkitarm/bin/../lib/gcc/arm-none-eabi/4.9.2/../../../../arm-none-eabi/lib/armv6k/fpu\libg.a(lib_a-rand.o)
 .text          0x0010ec5c        0x0 c:/devkitpro/devkitarm/bin/../lib/gcc/arm-none-eabi/4.9.2/../../../../arm-none-eabi/lib/armv6k/fpu\libg.a(lib_a-refill.o)
 .text          0x0010ec5c        0x0 c:/devkitpro/devkitarm/bin/../lib/gcc/arm-none-eabi/4.9.2/../../../../arm-none-eabi/lib/armv6k/fpu\libg.a(lib_a-stdio.o)
 *fill*         0x0010ec5c        0x4 
 .text          0x0010ec60      0x3a0 c:/devkitpro/devkitarm/bin/../lib/gcc/arm-none-eabi/4.9.2/../../../../arm-none-eabi/lib/armv6k/fpu\libg.a(lib_a-strcmp.o)
                0x0010ec68                strcmp
 .text          0x0010f000        0x0 c:/devkitpro/devkitarm/bin/../lib/gcc/arm-none-eabi/4.9.2/../../../../arm-none-eabi/lib/armv6k/fpu\libg.a(lib_a-strcpy.o)
 .text          0x0010f000        0x0 c:/devkitpro/devkitarm/bin/../lib/gcc/arm-none-eabi/4.9.2/../../../../arm-none-eabi/lib/armv6k/fpu\libg.a(lib_a-strlen.o)
 .text          0x0010f000        0x0 c:/devkitpro/devkitarm/bin/../lib/gcc/arm-none-eabi/4.9.2/../../../../arm-none-eabi/lib/armv6k/fpu\libg.a(lib_a-strncat.o)
 .text          0x0010f000        0x0 c:/devkitpro/devkitarm/bin/../lib/gcc/arm-none-eabi/4.9.2/../../../../arm-none-eabi/lib/armv6k/fpu\libg.a(lib_a-strncpy.o)
 .text          0x0010f000        0x0 c:/devkitpro/devkitarm/bin/../lib/gcc/arm-none-eabi/4.9.2/../../../../arm-none-eabi/lib/armv6k/fpu\libg.a(lib_a-time.o)
 .text          0x0010f000        0x0 c:/devkitpro/devkitarm/bin/../lib/gcc/arm-none-eabi/4.9.2/../../../../arm-none-eabi/lib/armv6k/fpu\libg.a(lib_a-flags.o)
 .text          0x0010f000      0x1a8 c:/devkitpro/devkitarm/bin/../lib/gcc/arm-none-eabi/4.9.2/../../../../arm-none-eabi/lib/armv6k/fpu\libsysbase.a(iosupport.o)
                0x0010f000                setDefaultDevice
                0x0010f018                FindDevice
                0x0010f0c4                RemoveDevice
                0x0010f0f0                AddDevice
                0x0010f184                GetDeviceOpTab
 .text          0x0010f1a8       0x7c c:/devkitpro/devkitarm/bin/../lib/gcc/arm-none-eabi/4.9.2/../../../../arm-none-eabi/lib/armv6k/fpu\libsysbase.a(close.o)
                0x0010f1a8                _close_r
 .text          0x0010f224       0x6c c:/devkitpro/devkitarm/bin/../lib/gcc/arm-none-eabi/4.9.2/../../../../arm-none-eabi/lib/armv6k/fpu\libsysbase.a(fstat.o)
                0x0010f224                _fstat_r
 .text          0x0010f290       0x2c c:/devkitpro/devkitarm/bin/../lib/gcc/arm-none-eabi/4.9.2/../../../../arm-none-eabi/lib/armv6k/fpu\libsysbase.a(gettod.o)
                0x0010f290                _gettimeofday_r
 .text          0x0010f2bc        0x8 c:/devkitpro/devkitarm/bin/../lib/gcc/arm-none-eabi/4.9.2/../../../../arm-none-eabi/lib/armv6k/fpu\libsysbase.a(isatty.o)
                0x0010f2bc                _isatty_r
 .text          0x0010f2c4       0x74 c:/devkitpro/devkitarm/bin/../lib/gcc/arm-none-eabi/4.9.2/../../../../arm-none-eabi/lib/armv6k/fpu\libsysbase.a(lseek.o)
                0x0010f2c4                _lseek_r
 .text          0x0010f338       0xc8 c:/devkitpro/devkitarm/bin/../lib/gcc/arm-none-eabi/4.9.2/../../../../arm-none-eabi/lib/armv6k/fpu\libsysbase.a(open.o)
                0x0010f338                _open_r
 .text          0x0010f400       0x74 c:/devkitpro/devkitarm/bin/../lib/gcc/arm-none-eabi/4.9.2/../../../../arm-none-eabi/lib/armv6k/fpu\libsysbase.a(read.o)
                0x0010f400                _read_r
 .text          0x0010f474       0x70 c:/devkitpro/devkitarm/bin/../lib/gcc/arm-none-eabi/4.9.2/../../../../arm-none-eabi/lib/armv6k/fpu\libsysbase.a(sbrk.o)
                0x0010f474                _sbrk_r
 .text          0x0010f4e4       0x74 c:/devkitpro/devkitarm/bin/../lib/gcc/arm-none-eabi/4.9.2/../../../../arm-none-eabi/lib/armv6k/fpu\libsysbase.a(write.o)
                0x0010f4e4                _write_r
 .text          0x0010f558        0x0 c:/devkitpro/devkitarm/bin/../lib/gcc/arm-none-eabi/4.9.2/../../../../arm-none-eabi/lib/armv6k/fpu\libsysbase.a(malloc_vars.o)
 .text          0x0010f558      0x3a4 c:/devkitpro/devkitarm/bin/../lib/gcc/arm-none-eabi/4.9.2/../../../../arm-none-eabi/lib/armv6k/fpu\libsysbase.a(chdir.o)
                0x0010f558                _concatenate_path
                0x0010f714                chdir
                0x0010f85c                getcwd
 .text          0x0010f8fc        0x8 c:/devkitpro/devkitarm/bin/../lib/gcc/arm-none-eabi/4.9.2/../../../../arm-none-eabi/lib/armv6k/fpu\libsysbase.a(flock.o)
                0x0010f8fc                __flockfile
                0x0010f900                __funlockfile
 .text          0x0010f904      0x108 c:/devkitpro/devkitarm/bin/../lib/gcc/arm-none-eabi/4.9.2/../../../../arm-none-eabi/lib/armv6k/fpu\libsysbase.a(syscall_support.o)
                0x0010f904                __libc_lock_init
                0x0010f91c                __libc_lock_acquire
                0x0010f934                __libc_lock_try_acquire
                0x0010f958                __libc_lock_release
                0x0010f970                __libc_lock_close
                0x0010f988                __libc_lock_init_recursive
                0x0010f9a0                __libc_lock_acquire_recursive
                0x0010f9b8                __libc_lock_try_acquire_recursive
                0x0010f9dc                __libc_lock_release_recursive
                0x0010f9f4                __libc_lock_close_recursive
 .text          0x0010fa0c      0x254 c:/devkitpro/devkitarm/bin/../lib/gcc/arm-none-eabi/4.9.2/../../../../arm-none-eabi/lib/armv6k/fpu\libsysbase.a(handle_manager.o)
                0x0010fa0c                __free_handle
                0x0010fa50                __release_handle
                0x0010fa7c                __alloc_handle
                0x0010fae4                __get_handle
                0x0010fb00                dup
                0x0010fb8c                dup2
 .text          0x0010fc60       0x28 c:/devkitpro/devkitarm/bin/../lib/gcc/arm-none-eabi/4.9.2/../../../../arm-none-eabi/lib/armv6k/fpu\libsysbase.a(getreent.o)
                0x0010fc60                __getreent
 .text          0x0010fc88        0x0 c:/devkitpro/devkitarm/bin/../lib/gcc/arm-none-eabi/4.9.2/../../../../arm-none-eabi/lib/armv6k/fpu\libg.a(lib_a-errno.o)
 .text          0x0010fc88        0x0 c:/devkitpro/devkitarm/bin/../lib/gcc/arm-none-eabi/4.9.2/../../../../arm-none-eabi/lib/armv6k/fpu\libg.a(lib_a-strchr.o)
 .text          0x0010fc88        0x0 c:/devkitpro/devkitarm/bin/../lib/gcc/arm-none-eabi/4.9.2/../../../../arm-none-eabi/lib/armv6k/fpu\libg.a(lib_a-strncmp.o)
 .text          0x0010fc88        0x0 c:/devkitpro/devkitarm/bin/../lib/gcc/arm-none-eabi/4.9.2/../../../../arm-none-eabi/lib/armv6k/fpu\libg.a(lib_a-strnlen.o)
 .text          0x0010fc88        0x0 c:/devkitpro/devkitarm/bin/../lib/gcc/arm-none-eabi/4.9.2/../../../../arm-none-eabi/lib/armv6k/fpu\libg.a(lib_a-strrchr.o)
 .text          0x0010fc88        0x0 c:/devkitpro/devkitarm/bin/../lib/gcc/arm-none-eabi/4.9.2/armv6k/fpu/crtend.o
 .text          0x0010fc88        0x0 c:/devkitpro/devkitarm/bin/../lib/gcc/arm-none-eabi/4.9.2/armv6k/fpu/crtn.o
 *(.text.*)
 .text.startup  0x0010fc88     0x3730 main.o
                0x0010fc88                main
 .text.cosf     0x001133b8       0xa8 c:/devkitpro/devkitarm/bin/../lib/gcc/arm-none-eabi/4.9.2/../../../../arm-none-eabi/lib/armv6k/fpu\libm.a(lib_a-sf_cos.o)
                0x001133b8                cosf
 .text.sinf     0x00113460       0xb0 c:/devkitpro/devkitarm/bin/../lib/gcc/arm-none-eabi/4.9.2/../../../../arm-none-eabi/lib/armv6k/fpu\libm.a(lib_a-sf_sin.o)
                0x00113460                sinf
 .text.__ieee754_rem_pio2f
                0x00113510      0x2e0 c:/devkitpro/devkitarm/bin/../lib/gcc/arm-none-eabi/4.9.2/../../../../arm-none-eabi/lib/armv6k/fpu\libm.a(lib_a-ef_rem_pio2.o)
                0x00113510                __ieee754_rem_pio2f
 .text.__kernel_cosf
                0x001137f0      0x124 c:/devkitpro/devkitarm/bin/../lib/gcc/arm-none-eabi/4.9.2/../../../../arm-none-eabi/lib/armv6k/fpu\libm.a(lib_a-kf_cos.o)
                0x001137f0                __kernel_cosf
 .text.__kernel_rem_pio2f
                0x00113914      0x838 c:/devkitpro/devkitarm/bin/../lib/gcc/arm-none-eabi/4.9.2/../../../../arm-none-eabi/lib/armv6k/fpu\libm.a(lib_a-kf_rem_pio2.o)
                0x00113914                __kernel_rem_pio2f
 .text.__kernel_sinf
                0x0011414c       0xa0 c:/devkitpro/devkitarm/bin/../lib/gcc/arm-none-eabi/4.9.2/../../../../arm-none-eabi/lib/armv6k/fpu\libm.a(lib_a-kf_sin.o)
                0x0011414c                __kernel_sinf
 .text.fabsf    0x001141ec       0x10 c:/devkitpro/devkitarm/bin/../lib/gcc/arm-none-eabi/4.9.2/../../../../arm-none-eabi/lib/armv6k/fpu\libm.a(lib_a-sf_fabs.o)
                0x001141ec                fabsf
 .text.floorf   0x001141fc       0xb8 c:/devkitpro/devkitarm/bin/../lib/gcc/arm-none-eabi/4.9.2/../../../../arm-none-eabi/lib/armv6k/fpu\libm.a(lib_a-sf_floor.o)
                0x001141fc                floorf
 .text.scalbnf  0x001142b4      0x118 c:/devkitpro/devkitarm/bin/../lib/gcc/arm-none-eabi/4.9.2/../../../../arm-none-eabi/lib/armv6k/fpu\libm.a(lib_a-sf_scalbn.o)
                0x001142b4                scalbnf
 .text.copysignf
                0x001143cc       0x1c c:/devkitpro/devkitarm/bin/../lib/gcc/arm-none-eabi/4.9.2/../../../../arm-none-eabi/lib/armv6k/fpu\libm.a(lib_a-sf_copysign.o)
                0x001143cc                copysignf
 .text.bsearch  0x001143e8       0x78 c:/devkitpro/devkitarm/bin/../lib/gcc/arm-none-eabi/4.9.2/../../../../arm-none-eabi/lib/armv6k/fpu\libg.a(lib_a-bsearch.o)
                0x001143e8                bsearch
 .text._fclose_r
                0x00114460      0x118 c:/devkitpro/devkitarm/bin/../lib/gcc/arm-none-eabi/4.9.2/../../../../arm-none-eabi/lib/armv6k/fpu\libg.a(lib_a-fclose.o)
                0x00114460                _fclose_r
 .text.fclose   0x00114578       0x18 c:/devkitpro/devkitarm/bin/../lib/gcc/arm-none-eabi/4.9.2/../../../../arm-none-eabi/lib/armv6k/fpu\libg.a(lib_a-fclose.o)
                0x00114578                fclose
 .text.__sflush_r
                0x00114590      0x238 c:/devkitpro/devkitarm/bin/../lib/gcc/arm-none-eabi/4.9.2/../../../../arm-none-eabi/lib/armv6k/fpu\libg.a(lib_a-fflush.o)
                0x00114590                __sflush_r
 .text._fflush_r
                0x001147c8       0x98 c:/devkitpro/devkitarm/bin/../lib/gcc/arm-none-eabi/4.9.2/../../../../arm-none-eabi/lib/armv6k/fpu\libg.a(lib_a-fflush.o)
                0x001147c8                _fflush_r
 .text.fflush   0x00114860       0x38 c:/devkitpro/devkitarm/bin/../lib/gcc/arm-none-eabi/4.9.2/../../../../arm-none-eabi/lib/armv6k/fpu\libg.a(lib_a-fflush.o)
                0x00114860                fflush
 .text._cleanup_r
                0x00114898        0xc c:/devkitpro/devkitarm/bin/../lib/gcc/arm-none-eabi/4.9.2/../../../../arm-none-eabi/lib/armv6k/fpu\libg.a(lib_a-findfp.o)
                0x00114898                _cleanup_r
 .text.__fp_lock
                0x001148a4       0x1c c:/devkitpro/devkitarm/bin/../lib/gcc/arm-none-eabi/4.9.2/../../../../arm-none-eabi/lib/armv6k/fpu\libg.a(lib_a-findfp.o)
 .text.__fp_unlock
                0x001148c0       0x1c c:/devkitpro/devkitarm/bin/../lib/gcc/arm-none-eabi/4.9.2/../../../../arm-none-eabi/lib/armv6k/fpu\libg.a(lib_a-findfp.o)
 .text.__sinit.part.1
                0x001148dc      0x15c c:/devkitpro/devkitarm/bin/../lib/gcc/arm-none-eabi/4.9.2/../../../../arm-none-eabi/lib/armv6k/fpu\libg.a(lib_a-findfp.o)
 .text.__sfmoreglue
                0x00114a38       0x48 c:/devkitpro/devkitarm/bin/../lib/gcc/arm-none-eabi/4.9.2/../../../../arm-none-eabi/lib/armv6k/fpu\libg.a(lib_a-findfp.o)
                0x00114a38                __sfmoreglue
 .text.__sfp    0x00114a80       0xe8 c:/devkitpro/devkitarm/bin/../lib/gcc/arm-none-eabi/4.9.2/../../../../arm-none-eabi/lib/armv6k/fpu\libg.a(lib_a-findfp.o)
                0x00114a80                __sfp
 .text._cleanup
                0x00114b68       0x18 c:/devkitpro/devkitarm/bin/../lib/gcc/arm-none-eabi/4.9.2/../../../../arm-none-eabi/lib/armv6k/fpu\libg.a(lib_a-findfp.o)
                0x00114b68                _cleanup
 .text.__sinit  0x00114b80       0x10 c:/devkitpro/devkitarm/bin/../lib/gcc/arm-none-eabi/4.9.2/../../../../arm-none-eabi/lib/armv6k/fpu\libg.a(lib_a-findfp.o)
                0x00114b80                __sinit
 .text.__sfp_lock_acquire
                0x00114b90        0x4 c:/devkitpro/devkitarm/bin/../lib/gcc/arm-none-eabi/4.9.2/../../../../arm-none-eabi/lib/armv6k/fpu\libg.a(lib_a-findfp.o)
                0x00114b90                __sfp_lock_acquire
 .text.__sfp_lock_release
                0x00114b94        0x4 c:/devkitpro/devkitarm/bin/../lib/gcc/arm-none-eabi/4.9.2/../../../../arm-none-eabi/lib/armv6k/fpu\libg.a(lib_a-findfp.o)
                0x00114b94                __sfp_lock_release
 .text.__sinit_lock_acquire
                0x00114b98        0x4 c:/devkitpro/devkitarm/bin/../lib/gcc/arm-none-eabi/4.9.2/../../../../arm-none-eabi/lib/armv6k/fpu\libg.a(lib_a-findfp.o)
                0x00114b98                __sinit_lock_acquire
 .text.__sinit_lock_release
                0x00114b9c        0x4 c:/devkitpro/devkitarm/bin/../lib/gcc/arm-none-eabi/4.9.2/../../../../arm-none-eabi/lib/armv6k/fpu\libg.a(lib_a-findfp.o)
                0x00114b9c                __sinit_lock_release
 .text.__fp_lock_all
                0x00114ba0       0x18 c:/devkitpro/devkitarm/bin/../lib/gcc/arm-none-eabi/4.9.2/../../../../arm-none-eabi/lib/armv6k/fpu\libg.a(lib_a-findfp.o)
                0x00114ba0                __fp_lock_all
 .text.__fp_unlock_all
                0x00114bb8       0x18 c:/devkitpro/devkitarm/bin/../lib/gcc/arm-none-eabi/4.9.2/../../../../arm-none-eabi/lib/armv6k/fpu\libg.a(lib_a-findfp.o)
                0x00114bb8                __fp_unlock_all
 .text.__libc_fini_array
                0x00114bd0       0x40 c:/devkitpro/devkitarm/bin/../lib/gcc/arm-none-eabi/4.9.2/../../../../arm-none-eabi/lib/armv6k/fpu\libg.a(lib_a-fini.o)
                0x00114bd0                __libc_fini_array
 .text._fopen_r
                0x00114c10      0x130 c:/devkitpro/devkitarm/bin/../lib/gcc/arm-none-eabi/4.9.2/../../../../arm-none-eabi/lib/armv6k/fpu\libg.a(lib_a-fopen.o)
                0x00114c10                _fopen_r
 .text.fopen    0x00114d40       0x20 c:/devkitpro/devkitarm/bin/../lib/gcc/arm-none-eabi/4.9.2/../../../../arm-none-eabi/lib/armv6k/fpu\libg.a(lib_a-fopen.o)
                0x00114d40                fopen
 .text._fread_r
                0x00114d60      0x2f0 c:/devkitpro/devkitarm/bin/../lib/gcc/arm-none-eabi/4.9.2/../../../../arm-none-eabi/lib/armv6k/fpu\libg.a(lib_a-fread.o)
                0x00114d60                _fread_r
 .text.fread    0x00115050       0x38 c:/devkitpro/devkitarm/bin/../lib/gcc/arm-none-eabi/4.9.2/../../../../arm-none-eabi/lib/armv6k/fpu\libg.a(lib_a-fread.o)
                0x00115050                fread
 .text._malloc_trim_r
                0x00115088       0xf8 c:/devkitpro/devkitarm/bin/../lib/gcc/arm-none-eabi/4.9.2/../../../../arm-none-eabi/lib/armv6k/fpu\libg.a(lib_a-freer.o)
                0x00115088                _malloc_trim_r
 .text._free_r  0x00115180      0x2b4 c:/devkitpro/devkitarm/bin/../lib/gcc/arm-none-eabi/4.9.2/../../../../arm-none-eabi/lib/armv6k/fpu\libg.a(lib_a-freer.o)
                0x00115180                _free_r
 .text._fseek_r
                0x00115434        0x4 c:/devkitpro/devkitarm/bin/../lib/gcc/arm-none-eabi/4.9.2/../../../../arm-none-eabi/lib/armv6k/fpu\libg.a(lib_a-fseek.o)
                0x00115434                _fseek_r
 .text.fseek    0x00115438       0x28 c:/devkitpro/devkitarm/bin/../lib/gcc/arm-none-eabi/4.9.2/../../../../arm-none-eabi/lib/armv6k/fpu\libg.a(lib_a-fseek.o)
                0x00115438                fseek
 .text._fseeko_r
                0x00115460      0x4f8 c:/devkitpro/devkitarm/bin/../lib/gcc/arm-none-eabi/4.9.2/../../../../arm-none-eabi/lib/armv6k/fpu\libg.a(lib_a-fseeko.o)
                0x00115460                _fseeko_r
 .text.fseeko   0x00115958       0x28 c:/devkitpro/devkitarm/bin/../lib/gcc/arm-none-eabi/4.9.2/../../../../arm-none-eabi/lib/armv6k/fpu\libg.a(lib_a-fseeko.o)
                0x00115958                fseeko
 .text._ftell_r
                0x00115980        0x4 c:/devkitpro/devkitarm/bin/../lib/gcc/arm-none-eabi/4.9.2/../../../../arm-none-eabi/lib/armv6k/fpu\libg.a(lib_a-ftell.o)
                0x00115980                _ftell_r
 .text.ftell    0x00115984       0x18 c:/devkitpro/devkitarm/bin/../lib/gcc/arm-none-eabi/4.9.2/../../../../arm-none-eabi/lib/armv6k/fpu\libg.a(lib_a-ftell.o)
                0x00115984                ftell
 .text._ftello_r
                0x0011599c      0x164 c:/devkitpro/devkitarm/bin/../lib/gcc/arm-none-eabi/4.9.2/../../../../arm-none-eabi/lib/armv6k/fpu\libg.a(lib_a-ftello.o)
                0x0011599c                _ftello_r
 .text.ftello   0x00115b00       0x18 c:/devkitpro/devkitarm/bin/../lib/gcc/arm-none-eabi/4.9.2/../../../../arm-none-eabi/lib/armv6k/fpu\libg.a(lib_a-ftello.o)
                0x00115b00                ftello
 .text._fwalk   0x00115b18       0x78 c:/devkitpro/devkitarm/bin/../lib/gcc/arm-none-eabi/4.9.2/../../../../arm-none-eabi/lib/armv6k/fpu\libg.a(lib_a-fwalk.o)
                0x00115b18                _fwalk
 .text._fwalk_reent
                0x00115b90       0x80 c:/devkitpro/devkitarm/bin/../lib/gcc/arm-none-eabi/4.9.2/../../../../arm-none-eabi/lib/armv6k/fpu\libg.a(lib_a-fwalk.o)
                0x00115b90                _fwalk_reent
 .text.__libc_init_array
                0x00115c10       0x78 c:/devkitpro/devkitarm/bin/../lib/gcc/arm-none-eabi/4.9.2/../../../../arm-none-eabi/lib/armv6k/fpu\libg.a(lib_a-init.o)
                0x00115c10                __libc_init_array
 .text.__smakebuf_r
                0x00115c88      0x160 c:/devkitpro/devkitarm/bin/../lib/gcc/arm-none-eabi/4.9.2/../../../../arm-none-eabi/lib/armv6k/fpu\libg.a(lib_a-makebuf.o)
                0x00115c88                __smakebuf_r
 .text.malloc   0x00115de8       0x18 c:/devkitpro/devkitarm/bin/../lib/gcc/arm-none-eabi/4.9.2/../../../../arm-none-eabi/lib/armv6k/fpu\libg.a(lib_a-malloc.o)
                0x00115de8                malloc
 .text.free     0x00115e00       0x18 c:/devkitpro/devkitarm/bin/../lib/gcc/arm-none-eabi/4.9.2/../../../../arm-none-eabi/lib/armv6k/fpu\libg.a(lib_a-malloc.o)
                0x00115e00                free
 .text._malloc_r
                0x00115e18      0x740 c:/devkitpro/devkitarm/bin/../lib/gcc/arm-none-eabi/4.9.2/../../../../arm-none-eabi/lib/armv6k/fpu\libg.a(lib_a-mallocr.o)
                0x00115e18                _malloc_r
 .text.memcpy   0x00116558       0xf4 c:/devkitpro/devkitarm/bin/../lib/gcc/arm-none-eabi/4.9.2/../../../../arm-none-eabi/lib/armv6k/fpu\libg.a(lib_a-memcpy.o)
                0x00116558                memcpy
 .text.memset   0x0011664c       0xf0 c:/devkitpro/devkitarm/bin/../lib/gcc/arm-none-eabi/4.9.2/../../../../arm-none-eabi/lib/armv6k/fpu\libg.a(lib_a-memset.o)
                0x0011664c                memset
 .text.__malloc_lock
                0x0011673c        0x4 c:/devkitpro/devkitarm/bin/../lib/gcc/arm-none-eabi/4.9.2/../../../../arm-none-eabi/lib/armv6k/fpu\libg.a(lib_a-mlock.o)
                0x0011673c                __malloc_lock
 .text.__malloc_unlock
                0x00116740        0x4 c:/devkitpro/devkitarm/bin/../lib/gcc/arm-none-eabi/4.9.2/../../../../arm-none-eabi/lib/armv6k/fpu\libg.a(lib_a-mlock.o)
                0x00116740                __malloc_unlock
 .text.srand    0x00116744       0x1c c:/devkitpro/devkitarm/bin/../lib/gcc/arm-none-eabi/4.9.2/../../../../arm-none-eabi/lib/armv6k/fpu\libg.a(lib_a-rand.o)
                0x00116744                srand
 .text.rand     0x00116760       0x44 c:/devkitpro/devkitarm/bin/../lib/gcc/arm-none-eabi/4.9.2/../../../../arm-none-eabi/lib/armv6k/fpu\libg.a(lib_a-rand.o)
                0x00116760                rand
 .text.lflush   0x001167a4       0x1c c:/devkitpro/devkitarm/bin/../lib/gcc/arm-none-eabi/4.9.2/../../../../arm-none-eabi/lib/armv6k/fpu\libg.a(lib_a-refill.o)
 .text.__srefill_r
                0x001167c0      0x1d8 c:/devkitpro/devkitarm/bin/../lib/gcc/arm-none-eabi/4.9.2/../../../../arm-none-eabi/lib/armv6k/fpu\libg.a(lib_a-refill.o)
                0x001167c0                __srefill_r
 .text.__sread  0x00116998       0x30 c:/devkitpro/devkitarm/bin/../lib/gcc/arm-none-eabi/4.9.2/../../../../arm-none-eabi/lib/armv6k/fpu\libg.a(lib_a-stdio.o)
                0x00116998                __sread
 .text.__seofread
                0x001169c8        0x8 c:/devkitpro/devkitarm/bin/../lib/gcc/arm-none-eabi/4.9.2/../../../../arm-none-eabi/lib/armv6k/fpu\libg.a(lib_a-stdio.o)
                0x001169c8                __seofread
 .text.__swrite
                0x001169d0       0x54 c:/devkitpro/devkitarm/bin/../lib/gcc/arm-none-eabi/4.9.2/../../../../arm-none-eabi/lib/armv6k/fpu\libg.a(lib_a-stdio.o)
                0x001169d0                __swrite
 .text.__sseek  0x00116a24       0x2c c:/devkitpro/devkitarm/bin/../lib/gcc/arm-none-eabi/4.9.2/../../../../arm-none-eabi/lib/armv6k/fpu\libg.a(lib_a-stdio.o)
                0x00116a24                __sseek
 .text.__sclose
                0x00116a50        0x8 c:/devkitpro/devkitarm/bin/../lib/gcc/arm-none-eabi/4.9.2/../../../../arm-none-eabi/lib/armv6k/fpu\libg.a(lib_a-stdio.o)
                0x00116a50                __sclose
 .text.strcpy   0x00116a58       0xf0 c:/devkitpro/devkitarm/bin/../lib/gcc/arm-none-eabi/4.9.2/../../../../arm-none-eabi/lib/armv6k/fpu\libg.a(lib_a-strcpy.o)
                0x00116a58                strcpy
 .text.strlen   0x00116b48       0x5c c:/devkitpro/devkitarm/bin/../lib/gcc/arm-none-eabi/4.9.2/../../../../arm-none-eabi/lib/armv6k/fpu\libg.a(lib_a-strlen.o)
                0x00116b48                strlen
 .text.strncat  0x00116ba4       0xa4 c:/devkitpro/devkitarm/bin/../lib/gcc/arm-none-eabi/4.9.2/../../../../arm-none-eabi/lib/armv6k/fpu\libg.a(lib_a-strncat.o)
                0x00116ba4                strncat
 .text.strncpy  0x00116c48       0xe0 c:/devkitpro/devkitarm/bin/../lib/gcc/arm-none-eabi/4.9.2/../../../../arm-none-eabi/lib/armv6k/fpu\libg.a(lib_a-strncpy.o)
                0x00116c48                strncpy
 .text.time     0x00116d28       0x40 c:/devkitpro/devkitarm/bin/../lib/gcc/arm-none-eabi/4.9.2/../../../../arm-none-eabi/lib/armv6k/fpu\libg.a(lib_a-time.o)
                0x00116d28                time
 .text.__sflags
                0x00116d68       0xb0 c:/devkitpro/devkitarm/bin/../lib/gcc/arm-none-eabi/4.9.2/../../../../arm-none-eabi/lib/armv6k/fpu\libg.a(lib_a-flags.o)
                0x00116d68                __sflags
 .text.__errno  0x00116e18        0xc c:/devkitpro/devkitarm/bin/../lib/gcc/arm-none-eabi/4.9.2/../../../../arm-none-eabi/lib/armv6k/fpu\libg.a(lib_a-errno.o)
                0x00116e18                __errno
 .text.strchr   0x00116e24      0x16c c:/devkitpro/devkitarm/bin/../lib/gcc/arm-none-eabi/4.9.2/../../../../arm-none-eabi/lib/armv6k/fpu\libg.a(lib_a-strchr.o)
                0x00116e24                strchr
 .text.strncmp  0x00116f90      0x110 c:/devkitpro/devkitarm/bin/../lib/gcc/arm-none-eabi/4.9.2/../../../../arm-none-eabi/lib/armv6k/fpu\libg.a(lib_a-strncmp.o)
                0x00116f90                strncmp
 .text.strnlen  0x001170a0       0x5c c:/devkitpro/devkitarm/bin/../lib/gcc/arm-none-eabi/4.9.2/../../../../arm-none-eabi/lib/armv6k/fpu\libg.a(lib_a-strnlen.o)
                0x001170a0                strnlen
 .text.strrchr  0x001170fc       0x44 c:/devkitpro/devkitarm/bin/../lib/gcc/arm-none-eabi/4.9.2/../../../../arm-none-eabi/lib/armv6k/fpu\libg.a(lib_a-strrchr.o)
                0x001170fc                strrchr
 *(.glue_7)
 .glue_7        0x00117140        0x0 linker stubs
 *(.glue_7t)
 .glue_7t       0x00117140        0x0 linker stubs
 *(.stub)
 *(.gnu.warning)
 *(.gnu.linkonce.t*)
                0x00117140                . = ALIGN (0x4)
 *(.fini)
 .fini          0x00117140        0xc c:/devkitpro/devkitarm/bin/../lib/gcc/arm-none-eabi/4.9.2/armv6k/fpu/crti.o
                0x00117140                _fini
 .fini          0x0011714c        0xc c:/devkitpro/devkitarm/bin/../lib/gcc/arm-none-eabi/4.9.2/armv6k/fpu/crtn.o
                0x00117158                . = ALIGN (0x4)

.vfp11_veneer   0x00117158        0x0
 .vfp11_veneer  0x00117158        0x0 linker stubs

.v4_bx          0x00117158        0x0
 .v4_bx         0x00117158        0x0 linker stubs

.iplt           0x00117158        0x0
 .iplt          0x00117158        0x0 c:/devkitpro/devkitarm/bin/../lib/gcc/arm-none-eabi/4.9.2/../../../../arm-none-eabi/lib/armv6k/fpu/3dsx_crt0.o

.rodata         0x00118000   0x389560
 *(.rodata)
 .rodata        0x00118000    0x3cf10 america_img.o
                0x00118000                america_img
 .rodata        0x00154f10    0x3cf10 cat2_img.o
                0x00154f10                cat2_img
 .rodata        0x00191e20    0x3cf10 dub_img.o
                0x00191e20                dub_img
 .rodata        0x001ced30    0x12910 font_img.o
                0x001ced30                font_img
 .rodata        0x001e1640    0x3cf10 gb_img.o
                0x001e1640                gb_img
 .rodata        0x0021e550    0x3cf10 grumpy_img.o
                0x0021e550                grumpy_img
 .rodata        0x0025b460    0x3cf10 j5_img.o
                0x0025b460                j5_img
 .rodata        0x00298370    0x3cf10 jamaicnyan_img.o
                0x00298370                jamaicnyan_img
 .rodata        0x002d5280    0x3cf10 jazz_img.o
                0x002d5280                jazz_img
 .rodata        0x00312190    0x3cf10 mummy_img.o
                0x00312190                mummy_img
 .rodata        0x0034f0a0     0x4270 nyaned_img.o
                0x0034f0a0                nyaned_img
 .rodata        0x00353310    0x3cf10 pikanyan_img.o
                0x00353310                pikanyan_img
 .rodata        0x00390220    0x3cf10 sad_img.o
                0x00390220                sad_img
 .rodata        0x003cd130     0x37c0 seconds_img.o
                0x003cd130                seconds_img
 .rodata        0x003d08f0    0x17be8 selectscreeen_img.o
                0x003d08f0                selectscreeen_img
 .rodata        0x003e84d8      0xe20 skull_img.o
                0x003e84d8                skull_img
 .rodata        0x003e92f8      0xc50 star_img.o
                0x003e92f8                star_img
 .rodata        0x003e9f48    0x3cf10 tacnayn_img.o
                0x003e9f48                tacnayn_img
 .rodata        0x00426e58    0x3cf10 technyancolor_img.o
                0x00426e58                technyancolor_img
 .rodata        0x00463d68    0x3cf10 zombie_img.o
                0x00463d68                zombie_img
 .rodata        0x004a0c78       0x40 c:/devkitPro/libctru/lib\libsf2d.a(sf2d_texture.o)
 .rodata        0x004a0cb8      0x158 c:/devkitPro/libctru/lib\libsf2d.a(shader.vsh.o)
                0x004a0cb8                shader_vsh_shbin
                0x004a0e0b                shader_vsh_shbin_end
                0x004a0e0c                shader_vsh_shbin_size
 .rodata        0x004a0e10       0x14 c:/devkitPro/libctru/lib\libctru.a(gfx.o)
 .rodata        0x004a0e24       0x2c c:/devkitPro/libctru/lib\libctru.a(os.o)
 .rodata        0x004a0e50        0xc c:/devkitPro/libctru/lib\libctru.a(gpu.o)
                0x004a0e50                GPU_FORMATSIZE
                0x004a0e54                GPU_TEVID
 .rodata        0x004a0e5c        0x8 c:/devkitPro/libctru/lib\libctru.a(shaderProgram.o)
 .rodata        0x004a0e64       0x24 c:/devkitPro/libctru/lib\libctru.a(shbin.o)
 .rodata        0x004a0e88        0xc c:/devkitPro/libctru/lib\libctru.a(apt.o)
 .rodata        0x004a0e94       0x30 c:/devkitPro/libctru/lib\libctru.a(sdmc_dev.o)
 .rodata        0x004a0ec4       0x68 c:/devkitpro/devkitarm/bin/../lib/gcc/arm-none-eabi/4.9.2/../../../../arm-none-eabi/lib/armv6k/fpu\libsysbase.a(iosupport.o)
                0x004a0ec4                dotab_stdnull
 .rodata        0x004a0f2c        0xc c:/devkitpro/devkitarm/bin/../lib/gcc/arm-none-eabi/4.9.2/../../../../arm-none-eabi/lib/armv6k/fpu\libsysbase.a(chdir.o)
                0x004a0f2c                DIRECTORY_PARENT
                0x004a0f30                DIRECTORY_THIS
                0x004a0f34                DIRECTORY_SEPARATOR
 *(.roda)
 *(.rodata.*)
 .rodata.str1.4
                0x004a0f38      0x111 main.o
                                0x114 (size before relaxing)
 *fill*         0x004a1049        0x3 
 .rodata.str1.4
                0x004a104c        0xb c:/devkitPro/libctru/lib\libsf2d.a(sf2d.o)
                                  0xc (size before relaxing)
 *fill*         0x004a1057        0x1 
 .rodata.str1.4
                0x004a1058       0xc4 c:/devkitPro/libctru/lib\libctru.a(os.o)
 .rodata.str1.4
                0x004a111c       0x16 c:/devkitPro/libctru/lib\libctru.a(apt.o)
                                 0x18 (size before relaxing)
 *fill*         0x004a1132        0x2 
 .rodata.str1.4
                0x004a1134        0x9 c:/devkitPro/libctru/lib\libctru.a(csnd.o)
                                  0xc (size before relaxing)
 *fill*         0x004a113d        0x3 
 .rodata.str1.4
                0x004a1140        0x9 c:/devkitPro/libctru/lib\libctru.a(gsp.o)
                                  0xc (size before relaxing)
 *fill*         0x004a1149        0x3 
 .rodata.str1.4
                0x004a114c        0x9 c:/devkitPro/libctru/lib\libctru.a(hid.o)
                                  0xc (size before relaxing)
 *fill*         0x004a1155        0x3 
 .rodata.str1.4
                0x004a1158        0x7 c:/devkitPro/libctru/lib\libctru.a(irrst.o)
                                  0x8 (size before relaxing)
 *fill*         0x004a115f        0x1 
 .rodata.str1.4
                0x004a1160        0xf c:/devkitPro/libctru/lib\libctru.a(srv.o)
                                 0x10 (size before relaxing)
 *fill*         0x004a116f        0x1 
 .rodata.str1.4
                0x004a1170        0x5 c:/devkitPro/libctru/lib\libctru.a(sdmc_dev.o)
                                  0xc (size before relaxing)
 *fill*         0x004a1175        0x3 
 .rodata.str1.4
                0x004a1178        0x8 c:/devkitPro/libctru/lib\libctru.a(fs.o)
 .rodata.npio2_hw
                0x004a1180       0x80 c:/devkitpro/devkitarm/bin/../lib/gcc/arm-none-eabi/4.9.2/../../../../arm-none-eabi/lib/armv6k/fpu\libm.a(lib_a-ef_rem_pio2.o)
 .rodata.two_over_pi
                0x004a1200      0x318 c:/devkitpro/devkitarm/bin/../lib/gcc/arm-none-eabi/4.9.2/../../../../arm-none-eabi/lib/armv6k/fpu\libm.a(lib_a-ef_rem_pio2.o)
 .rodata.init_jk
                0x004a1518        0xc c:/devkitpro/devkitarm/bin/../lib/gcc/arm-none-eabi/4.9.2/../../../../arm-none-eabi/lib/armv6k/fpu\libm.a(lib_a-kf_rem_pio2.o)
 .rodata.PIo2   0x004a1524       0x2c c:/devkitpro/devkitarm/bin/../lib/gcc/arm-none-eabi/4.9.2/../../../../arm-none-eabi/lib/armv6k/fpu\libm.a(lib_a-kf_rem_pio2.o)
 .rodata.str1.4
                0x004a1550        0x2 c:/devkitpro/devkitarm/bin/../lib/gcc/arm-none-eabi/4.9.2/../../../../arm-none-eabi/lib/armv6k/fpu\libg.a(lib_a-impure.o)
                                  0x4 (size before relaxing)
 *fill*         0x004a1552        0x2 
 .rodata._global_impure_ptr
                0x004a1554        0x4 c:/devkitpro/devkitarm/bin/../lib/gcc/arm-none-eabi/4.9.2/../../../../arm-none-eabi/lib/armv6k/fpu\libg.a(lib_a-impure.o)
                0x004a1554                _global_impure_ptr
 .rodata.str1.4
                0x004a1558        0x8 c:/devkitpro/devkitarm/bin/../lib/gcc/arm-none-eabi/4.9.2/../../../../arm-none-eabi/lib/armv6k/fpu\libsysbase.a(iosupport.o)
 *all.rodata*(*)
 *(.gnu.linkonce.r*)
                0x004a1560                . = ALIGN (0x4)

.rel.dyn        0x004a1560        0x0
 .rel.iplt      0x004a1560        0x0 c:/devkitpro/devkitarm/bin/../lib/gcc/arm-none-eabi/4.9.2/../../../../arm-none-eabi/lib/armv6k/fpu/3dsx_crt0.o

.ARM.extab
 *(.ARM.extab* .gnu.linkonce.armextab.*)
                0x004a1560                __exidx_start = .

ARM.exidx
 *(.ARM.exidx* .gnu.linkonce.armexidx.*)
                0x004a1560                __exidx_end = .

.data           0x004a2000     0x3ebc
 *(.data)
 .data          0x004a2000        0x0 c:/devkitpro/devkitarm/bin/../lib/gcc/arm-none-eabi/4.9.2/../../../../arm-none-eabi/lib/armv6k/fpu/3dsx_crt0.o
 .data          0x004a2000        0x0 c:/devkitpro/devkitarm/bin/../lib/gcc/arm-none-eabi/4.9.2/armv6k/fpu/crti.o
 .data          0x004a2000        0x4 c:/devkitpro/devkitarm/bin/../lib/gcc/arm-none-eabi/4.9.2/armv6k/fpu/crtbegin.o
                0x004a2000                __dso_handle
 .data          0x004a2004        0x0 america_img.o
 .data          0x004a2004        0x0 cat2_img.o
 .data          0x004a2004        0x0 dub_img.o
 .data          0x004a2004        0x0 dub_tail_img.o
 .data          0x004a2004        0x0 font_img.o
 .data          0x004a2004        0x0 gb_img.o
 .data          0x004a2004        0x0 grumpy_img.o
 .data          0x004a2004        0x0 j5_img.o
 .data          0x004a2004        0x0 jamaicnyan_img.o
 .data          0x004a2004        0x0 jazz_img.o
 .data          0x004a2004       0x38 main.o
                0x004a2004                cat_selected
                0x004a2008                rainbow_frame
                0x004a200c                cat_frame
                0x004a2010                star_frame
                0x004a2014                rainposx
                0x004a2018                rainposy
                0x004a201c                catposx
                0x004a2020                catposy
                0x004a2024                topx
                0x004a2028                topy
                0x004a202c                numx
                0x004a2030                numy
                0x004a2034                bottom
                0x004a2038                right_eye
 .data          0x004a203c        0x0 mummy_img.o
 .data          0x004a203c        0x0 nyaned_img.o
 .data          0x004a203c        0x0 pikanyan_img.o
 .data          0x004a203c        0x0 sad_img.o
 .data          0x004a203c        0x0 seconds_img.o
 .data          0x004a203c        0x0 selectscreeen_img.o
 .data          0x004a203c        0x0 skull_img.o
 .data          0x004a203c        0x0 star_img.o
 .data          0x004a203c        0x0 tacnayn_img.o
 .data          0x004a203c        0x0 technyancolor_img.o
 .data          0x004a203c        0x0 zombie_img.o
 .data          0x004a203c        0xc c:/devkitPro/libctru/lib\libsf2d.a(sf2d.o)
 .data          0x004a2048        0x0 c:/devkitPro/libctru/lib\libsf2d.a(sf2d_draw.o)
 .data          0x004a2048        0x0 c:/devkitPro/libctru/lib\libsf2d.a(sf2d_private.o)
 .data          0x004a2048        0x0 c:/devkitPro/libctru/lib\libsf2d.a(sf2d_texture.o)
 .data          0x004a2048        0x0 c:/devkitPro/libctru/lib\libsf2d.a(shader.vsh.o)
 .data          0x004a2048        0x0 c:/devkitPro/libctru/lib\libctru.a(linear.o)
 .data          0x004a2048        0x0 c:/devkitPro/libctru/lib\libctru.a(mem_pool.o)
 .data          0x004a2048        0x0 c:/devkitPro/libctru/lib\libctru.a(vram.o)
 .data          0x004a2048        0xc c:/devkitPro/libctru/lib\libctru.a(gfx.o)
 .data          0x004a2054        0x0 c:/devkitPro/libctru/lib\libctru.a(os.o)
 .data          0x004a2054        0x0 c:/devkitPro/libctru/lib\libctru.a(gpu.o)
 .data          0x004a2054      0x53c c:/devkitPro/libctru/lib\libctru.a(gpuResetSequence.o)
                0x004a2054                gpuResetSequenceLength
                0x004a2058                gpuResetSequence
 .data          0x004a2590        0x0 c:/devkitPro/libctru/lib\libctru.a(shaderProgram.o)
 .data          0x004a2590        0x0 c:/devkitPro/libctru/lib\libctru.a(shbin.o)
 .data          0x004a2590        0x0 c:/devkitPro/libctru/lib\libctru.a(apt.o)
 .data          0x004a2590        0x0 c:/devkitPro/libctru/lib\libctru.a(csnd.o)
 .data          0x004a2590        0x0 c:/devkitPro/libctru/lib\libctru.a(gsp.o)
 .data          0x004a2590        0x0 c:/devkitPro/libctru/lib\libctru.a(gx.o)
 .data          0x004a2590        0x0 c:/devkitPro/libctru/lib\libctru.a(hid.o)
 .data          0x004a2590        0x0 c:/devkitPro/libctru/lib\libctru.a(irrst.o)
 .data          0x004a2590        0x0 c:/devkitPro/libctru/lib\libctru.a(rbtree_find.o)
 .data          0x004a2590        0x0 c:/devkitPro/libctru/lib\libctru.a(rbtree_init.o)
 .data          0x004a2590        0x0 c:/devkitPro/libctru/lib\libctru.a(rbtree_insert.o)
 .data          0x004a2590        0x0 c:/devkitPro/libctru/lib\libctru.a(rbtree_remove.o)
 .data          0x004a2590        0x0 c:/devkitPro/libctru/lib\libctru.a(rbtree_rotate.o)
 .data          0x004a2590        0x0 c:/devkitPro/libctru/lib\libctru.a(allocateHeaps.o)
 .data          0x004a2590        0x0 c:/devkitPro/libctru/lib\libctru.a(initArgv.o)
 .data          0x004a2590        0x0 c:/devkitPro/libctru/lib\libctru.a(initSystem.o)
 .data          0x004a2590        0x0 c:/devkitPro/libctru/lib\libctru.a(svc.o)
 .data          0x004a2590        0x4 c:/devkitPro/libctru/lib\libctru.a(stack_adjust.o)
                0x004a2590                __stacksize__
 .data          0x004a2594        0x0 c:/devkitPro/libctru/lib\libctru.a(srv.o)
 .data          0x004a2594        0x0 c:/devkitPro/libctru/lib\libctru.a(rbtree_iterator.o)
 .data          0x004a2594        0x0 c:/devkitPro/libctru/lib\libctru.a(appExit.o)
 .data          0x004a2594        0x0 c:/devkitPro/libctru/lib\libctru.a(appInit.o)
 .data          0x004a2594        0x0 c:/devkitPro/libctru/lib\libctru.a(ctru_exit.o)
 .data          0x004a2594     0x1084 c:/devkitPro/libctru/lib\libctru.a(sdmc_dev.o)
 .data          0x004a3618        0x0 c:/devkitPro/libctru/lib\libctru.a(fs.o)
 .data          0x004a3618        0x0 c:/devkitPro/libctru/lib\libctru.a(decode_utf8.o)
 .data          0x004a3618        0x0 c:/devkitPro/libctru/lib\libctru.a(utf16_to_utf8.o)
 .data          0x004a3618        0x0 c:/devkitPro/libctru/lib\libctru.a(utf8_to_utf16.o)
 .data          0x004a3618        0x0 c:/devkitPro/libctru/lib\libctru.a(decode_utf16.o)
 .data          0x004a3618        0x0 c:/devkitPro/libctru/lib\libctru.a(encode_utf16.o)
 .data          0x004a3618        0x0 c:/devkitPro/libctru/lib\libctru.a(encode_utf8.o)
 .data          0x004a3618        0x0 c:/devkitpro/devkitarm/bin/../lib/gcc/arm-none-eabi/4.9.2/../../../../arm-none-eabi/lib/armv6k/fpu\libm.a(lib_a-sf_cos.o)
 .data          0x004a3618        0x0 c:/devkitpro/devkitarm/bin/../lib/gcc/arm-none-eabi/4.9.2/../../../../arm-none-eabi/lib/armv6k/fpu\libm.a(lib_a-sf_sin.o)
 .data          0x004a3618        0x0 c:/devkitpro/devkitarm/bin/../lib/gcc/arm-none-eabi/4.9.2/../../../../arm-none-eabi/lib/armv6k/fpu\libm.a(lib_a-ef_rem_pio2.o)
 .data          0x004a3618        0x0 c:/devkitpro/devkitarm/bin/../lib/gcc/arm-none-eabi/4.9.2/../../../../arm-none-eabi/lib/armv6k/fpu\libm.a(lib_a-kf_cos.o)
 .data          0x004a3618        0x0 c:/devkitpro/devkitarm/bin/../lib/gcc/arm-none-eabi/4.9.2/../../../../arm-none-eabi/lib/armv6k/fpu\libm.a(lib_a-kf_rem_pio2.o)
 .data          0x004a3618        0x0 c:/devkitpro/devkitarm/bin/../lib/gcc/arm-none-eabi/4.9.2/../../../../arm-none-eabi/lib/armv6k/fpu\libm.a(lib_a-kf_sin.o)
 .data          0x004a3618        0x0 c:/devkitpro/devkitarm/bin/../lib/gcc/arm-none-eabi/4.9.2/../../../../arm-none-eabi/lib/armv6k/fpu\libm.a(lib_a-sf_fabs.o)
 .data          0x004a3618        0x0 c:/devkitpro/devkitarm/bin/../lib/gcc/arm-none-eabi/4.9.2/../../../../arm-none-eabi/lib/armv6k/fpu\libm.a(lib_a-sf_floor.o)
 .data          0x004a3618        0x0 c:/devkitpro/devkitarm/bin/../lib/gcc/arm-none-eabi/4.9.2/../../../../arm-none-eabi/lib/armv6k/fpu\libm.a(lib_a-sf_scalbn.o)
 .data          0x004a3618        0x0 c:/devkitpro/devkitarm/bin/../lib/gcc/arm-none-eabi/4.9.2/../../../../arm-none-eabi/lib/armv6k/fpu\libm.a(lib_a-sf_copysign.o)
 .data          0x004a3618        0x0 c:/devkitpro/devkitarm/bin/../lib/gcc/arm-none-eabi/4.9.2/armv6k/fpu\libgcc.a(_udivsi3.o)
 .data          0x004a3618        0x0 c:/devkitpro/devkitarm/bin/../lib/gcc/arm-none-eabi/4.9.2/armv6k/fpu\libgcc.a(_divsi3.o)
 .data          0x004a3618        0x0 c:/devkitpro/devkitarm/bin/../lib/gcc/arm-none-eabi/4.9.2/armv6k/fpu\libgcc.a(_dvmd_tls.o)
 .data          0x004a3618        0x0 c:/devkitpro/devkitarm/bin/../lib/gcc/arm-none-eabi/4.9.2/armv6k/fpu\libgcc.a(_arm_addsubsf3.o)
 .data          0x004a3618        0x0 c:/devkitpro/devkitarm/bin/../lib/gcc/arm-none-eabi/4.9.2/armv6k/fpu\libgcc.a(_aeabi_uldivmod.o)
 .data          0x004a3618        0x0 c:/devkitpro/devkitarm/bin/../lib/gcc/arm-none-eabi/4.9.2/armv6k/fpu\libgcc.a(_popcountsi2.o)
 .data          0x004a3618        0x0 c:/devkitpro/devkitarm/bin/../lib/gcc/arm-none-eabi/4.9.2/armv6k/fpu\libgcc.a(bpabi.o)
 .data          0x004a3618        0x0 c:/devkitpro/devkitarm/bin/../lib/gcc/arm-none-eabi/4.9.2/armv6k/fpu\libgcc.a(_divdi3.o)
 .data          0x004a3618        0x0 c:/devkitpro/devkitarm/bin/../lib/gcc/arm-none-eabi/4.9.2/armv6k/fpu\libgcc.a(_udivdi3.o)
 .data          0x004a3618        0x0 c:/devkitpro/devkitarm/bin/../lib/gcc/arm-none-eabi/4.9.2/../../../../arm-none-eabi/lib/armv6k/fpu\libg.a(lib_a-bsearch.o)
 .data          0x004a3618        0x0 c:/devkitpro/devkitarm/bin/../lib/gcc/arm-none-eabi/4.9.2/../../../../arm-none-eabi/lib/armv6k/fpu\libg.a(lib_a-fclose.o)
 .data          0x004a3618        0x0 c:/devkitpro/devkitarm/bin/../lib/gcc/arm-none-eabi/4.9.2/../../../../arm-none-eabi/lib/armv6k/fpu\libg.a(lib_a-fflush.o)
 .data          0x004a3618        0x0 c:/devkitpro/devkitarm/bin/../lib/gcc/arm-none-eabi/4.9.2/../../../../arm-none-eabi/lib/armv6k/fpu\libg.a(lib_a-findfp.o)
 .data          0x004a3618        0x0 c:/devkitpro/devkitarm/bin/../lib/gcc/arm-none-eabi/4.9.2/../../../../arm-none-eabi/lib/armv6k/fpu\libg.a(lib_a-fini.o)
 .data          0x004a3618        0x0 c:/devkitpro/devkitarm/bin/../lib/gcc/arm-none-eabi/4.9.2/../../../../arm-none-eabi/lib/armv6k/fpu\libg.a(lib_a-fopen.o)
 .data          0x004a3618        0x0 c:/devkitpro/devkitarm/bin/../lib/gcc/arm-none-eabi/4.9.2/../../../../arm-none-eabi/lib/armv6k/fpu\libg.a(lib_a-fread.o)
 .data          0x004a3618        0x0 c:/devkitpro/devkitarm/bin/../lib/gcc/arm-none-eabi/4.9.2/../../../../arm-none-eabi/lib/armv6k/fpu\libg.a(lib_a-freer.o)
 .data          0x004a3618        0x0 c:/devkitpro/devkitarm/bin/../lib/gcc/arm-none-eabi/4.9.2/../../../../arm-none-eabi/lib/armv6k/fpu\libg.a(lib_a-fseek.o)
 .data          0x004a3618        0x0 c:/devkitpro/devkitarm/bin/../lib/gcc/arm-none-eabi/4.9.2/../../../../arm-none-eabi/lib/armv6k/fpu\libg.a(lib_a-fseeko.o)
 .data          0x004a3618        0x0 c:/devkitpro/devkitarm/bin/../lib/gcc/arm-none-eabi/4.9.2/../../../../arm-none-eabi/lib/armv6k/fpu\libg.a(lib_a-ftell.o)
 .data          0x004a3618        0x0 c:/devkitpro/devkitarm/bin/../lib/gcc/arm-none-eabi/4.9.2/../../../../arm-none-eabi/lib/armv6k/fpu\libg.a(lib_a-ftello.o)
 .data          0x004a3618        0x0 c:/devkitpro/devkitarm/bin/../lib/gcc/arm-none-eabi/4.9.2/../../../../arm-none-eabi/lib/armv6k/fpu\libg.a(lib_a-fwalk.o)
 .data          0x004a3618        0x0 c:/devkitpro/devkitarm/bin/../lib/gcc/arm-none-eabi/4.9.2/../../../../arm-none-eabi/lib/armv6k/fpu\libg.a(lib_a-impure.o)
 .data          0x004a3618        0x0 c:/devkitpro/devkitarm/bin/../lib/gcc/arm-none-eabi/4.9.2/../../../../arm-none-eabi/lib/armv6k/fpu\libg.a(lib_a-init.o)
 .data          0x004a3618        0x0 c:/devkitpro/devkitarm/bin/../lib/gcc/arm-none-eabi/4.9.2/../../../../arm-none-eabi/lib/armv6k/fpu\libg.a(lib_a-makebuf.o)
 .data          0x004a3618        0x0 c:/devkitpro/devkitarm/bin/../lib/gcc/arm-none-eabi/4.9.2/../../../../arm-none-eabi/lib/armv6k/fpu\libg.a(lib_a-malloc.o)
 .data          0x004a3618        0x0 c:/devkitpro/devkitarm/bin/../lib/gcc/arm-none-eabi/4.9.2/../../../../arm-none-eabi/lib/armv6k/fpu\libg.a(lib_a-mallocr.o)
 .data          0x004a3618        0x0 c:/devkitpro/devkitarm/bin/../lib/gcc/arm-none-eabi/4.9.2/../../../../arm-none-eabi/lib/armv6k/fpu\libg.a(lib_a-memcpy.o)
 .data          0x004a3618        0x0 c:/devkitpro/devkitarm/bin/../lib/gcc/arm-none-eabi/4.9.2/../../../../arm-none-eabi/lib/armv6k/fpu\libg.a(lib_a-memset.o)
 .data          0x004a3618        0x0 c:/devkitpro/devkitarm/bin/../lib/gcc/arm-none-eabi/4.9.2/../../../../arm-none-eabi/lib/armv6k/fpu\libg.a(lib_a-mlock.o)
 .data          0x004a3618        0x0 c:/devkitpro/devkitarm/bin/../lib/gcc/arm-none-eabi/4.9.2/../../../../arm-none-eabi/lib/armv6k/fpu\libg.a(lib_a-rand.o)
 .data          0x004a3618        0x0 c:/devkitpro/devkitarm/bin/../lib/gcc/arm-none-eabi/4.9.2/../../../../arm-none-eabi/lib/armv6k/fpu\libg.a(lib_a-refill.o)
 .data          0x004a3618        0x0 c:/devkitpro/devkitarm/bin/../lib/gcc/arm-none-eabi/4.9.2/../../../../arm-none-eabi/lib/armv6k/fpu\libg.a(lib_a-stdio.o)
 .data          0x004a3618        0x0 c:/devkitpro/devkitarm/bin/../lib/gcc/arm-none-eabi/4.9.2/../../../../arm-none-eabi/lib/armv6k/fpu\libg.a(lib_a-strcmp.o)
 .data          0x004a3618        0x0 c:/devkitpro/devkitarm/bin/../lib/gcc/arm-none-eabi/4.9.2/../../../../arm-none-eabi/lib/armv6k/fpu\libg.a(lib_a-strcpy.o)
 .data          0x004a3618        0x0 c:/devkitpro/devkitarm/bin/../lib/gcc/arm-none-eabi/4.9.2/../../../../arm-none-eabi/lib/armv6k/fpu\libg.a(lib_a-strlen.o)
 .data          0x004a3618        0x0 c:/devkitpro/devkitarm/bin/../lib/gcc/arm-none-eabi/4.9.2/../../../../arm-none-eabi/lib/armv6k/fpu\libg.a(lib_a-strncat.o)
 .data          0x004a3618        0x0 c:/devkitpro/devkitarm/bin/../lib/gcc/arm-none-eabi/4.9.2/../../../../arm-none-eabi/lib/armv6k/fpu\libg.a(lib_a-strncpy.o)
 .data          0x004a3618        0x0 c:/devkitpro/devkitarm/bin/../lib/gcc/arm-none-eabi/4.9.2/../../../../arm-none-eabi/lib/armv6k/fpu\libg.a(lib_a-time.o)
 .data          0x004a3618        0x0 c:/devkitpro/devkitarm/bin/../lib/gcc/arm-none-eabi/4.9.2/../../../../arm-none-eabi/lib/armv6k/fpu\libg.a(lib_a-flags.o)
 .data          0x004a3618       0x44 c:/devkitpro/devkitarm/bin/../lib/gcc/arm-none-eabi/4.9.2/../../../../arm-none-eabi/lib/armv6k/fpu\libsysbase.a(iosupport.o)
                0x004a361c                devoptab_list
 .data          0x004a365c        0x0 c:/devkitpro/devkitarm/bin/../lib/gcc/arm-none-eabi/4.9.2/../../../../arm-none-eabi/lib/armv6k/fpu\libsysbase.a(close.o)
 .data          0x004a365c        0x0 c:/devkitpro/devkitarm/bin/../lib/gcc/arm-none-eabi/4.9.2/../../../../arm-none-eabi/lib/armv6k/fpu\libsysbase.a(fstat.o)
 .data          0x004a365c        0x0 c:/devkitpro/devkitarm/bin/../lib/gcc/arm-none-eabi/4.9.2/../../../../arm-none-eabi/lib/armv6k/fpu\libsysbase.a(gettod.o)
 .data          0x004a365c        0x0 c:/devkitpro/devkitarm/bin/../lib/gcc/arm-none-eabi/4.9.2/../../../../arm-none-eabi/lib/armv6k/fpu\libsysbase.a(isatty.o)
 .data          0x004a365c        0x0 c:/devkitpro/devkitarm/bin/../lib/gcc/arm-none-eabi/4.9.2/../../../../arm-none-eabi/lib/armv6k/fpu\libsysbase.a(lseek.o)
 .data          0x004a365c        0x0 c:/devkitpro/devkitarm/bin/../lib/gcc/arm-none-eabi/4.9.2/../../../../arm-none-eabi/lib/armv6k/fpu\libsysbase.a(open.o)
 .data          0x004a365c        0x0 c:/devkitpro/devkitarm/bin/../lib/gcc/arm-none-eabi/4.9.2/../../../../arm-none-eabi/lib/armv6k/fpu\libsysbase.a(read.o)
 .data          0x004a365c        0x0 c:/devkitpro/devkitarm/bin/../lib/gcc/arm-none-eabi/4.9.2/../../../../arm-none-eabi/lib/armv6k/fpu\libsysbase.a(sbrk.o)
 .data          0x004a365c        0x0 c:/devkitpro/devkitarm/bin/../lib/gcc/arm-none-eabi/4.9.2/../../../../arm-none-eabi/lib/armv6k/fpu\libsysbase.a(write.o)
 .data          0x004a365c        0x0 c:/devkitpro/devkitarm/bin/../lib/gcc/arm-none-eabi/4.9.2/../../../../arm-none-eabi/lib/armv6k/fpu\libsysbase.a(malloc_vars.o)
 .data          0x004a365c     0x1000 c:/devkitpro/devkitarm/bin/../lib/gcc/arm-none-eabi/4.9.2/../../../../arm-none-eabi/lib/armv6k/fpu\libsysbase.a(chdir.o)
 .data          0x004a465c        0x0 c:/devkitpro/devkitarm/bin/../lib/gcc/arm-none-eabi/4.9.2/../../../../arm-none-eabi/lib/armv6k/fpu\libsysbase.a(flock.o)
 .data          0x004a465c        0x0 c:/devkitpro/devkitarm/bin/../lib/gcc/arm-none-eabi/4.9.2/../../../../arm-none-eabi/lib/armv6k/fpu\libsysbase.a(syscall_support.o)
 .data          0x004a465c     0x1024 c:/devkitpro/devkitarm/bin/../lib/gcc/arm-none-eabi/4.9.2/../../../../arm-none-eabi/lib/armv6k/fpu\libsysbase.a(handle_manager.o)
 .data          0x004a5680        0x0 c:/devkitpro/devkitarm/bin/../lib/gcc/arm-none-eabi/4.9.2/../../../../arm-none-eabi/lib/armv6k/fpu\libsysbase.a(getreent.o)
 .data          0x004a5680        0x0 c:/devkitpro/devkitarm/bin/../lib/gcc/arm-none-eabi/4.9.2/../../../../arm-none-eabi/lib/armv6k/fpu\libg.a(lib_a-errno.o)
 .data          0x004a5680        0x0 c:/devkitpro/devkitarm/bin/../lib/gcc/arm-none-eabi/4.9.2/../../../../arm-none-eabi/lib/armv6k/fpu\libg.a(lib_a-strchr.o)
 .data          0x004a5680        0x0 c:/devkitpro/devkitarm/bin/../lib/gcc/arm-none-eabi/4.9.2/../../../../arm-none-eabi/lib/armv6k/fpu\libg.a(lib_a-strncmp.o)
 .data          0x004a5680        0x0 c:/devkitpro/devkitarm/bin/../lib/gcc/arm-none-eabi/4.9.2/../../../../arm-none-eabi/lib/armv6k/fpu\libg.a(lib_a-strnlen.o)
 .data          0x004a5680        0x0 c:/devkitpro/devkitarm/bin/../lib/gcc/arm-none-eabi/4.9.2/../../../../arm-none-eabi/lib/armv6k/fpu\libg.a(lib_a-strrchr.o)
 .data          0x004a5680        0x0 c:/devkitpro/devkitarm/bin/../lib/gcc/arm-none-eabi/4.9.2/armv6k/fpu/crtend.o
 .data          0x004a5680        0x0 c:/devkitpro/devkitarm/bin/../lib/gcc/arm-none-eabi/4.9.2/armv6k/fpu/crtn.o
 *(.data.*)
 .data.impure_data
                0x004a5680      0x428 c:/devkitpro/devkitarm/bin/../lib/gcc/arm-none-eabi/4.9.2/../../../../arm-none-eabi/lib/armv6k/fpu\libg.a(lib_a-impure.o)
 .data._impure_ptr
                0x004a5aa8        0x4 c:/devkitpro/devkitarm/bin/../lib/gcc/arm-none-eabi/4.9.2/../../../../arm-none-eabi/lib/armv6k/fpu\libg.a(lib_a-impure.o)
                0x004a5aa8                _impure_ptr
 .data.__malloc_av_
                0x004a5aac      0x408 c:/devkitpro/devkitarm/bin/../lib/gcc/arm-none-eabi/4.9.2/../../../../arm-none-eabi/lib/armv6k/fpu\libg.a(lib_a-mallocr.o)
                0x004a5aac                __malloc_av_
 .data.__malloc_trim_threshold
                0x004a5eb4        0x4 c:/devkitpro/devkitarm/bin/../lib/gcc/arm-none-eabi/4.9.2/../../../../arm-none-eabi/lib/armv6k/fpu\libg.a(lib_a-mallocr.o)
                0x004a5eb4                __malloc_trim_threshold
 .data.__malloc_sbrk_base
                0x004a5eb8        0x4 c:/devkitpro/devkitarm/bin/../lib/gcc/arm-none-eabi/4.9.2/../../../../arm-none-eabi/lib/armv6k/fpu\libg.a(lib_a-mallocr.o)
                0x004a5eb8                __malloc_sbrk_base
 *(.gnu.linkonce.d*)
                0x004a5ebc                . = ALIGN (0x4)

.igot.plt       0x004a5ebc        0x0
 .igot.plt      0x004a5ebc        0x0 c:/devkitpro/devkitarm/bin/../lib/gcc/arm-none-eabi/4.9.2/../../../../arm-none-eabi/lib/armv6k/fpu/3dsx_crt0.o

.eh_frame       0x004a5ebc       0x74
 .eh_frame      0x004a5ebc        0x0 c:/devkitpro/devkitarm/bin/../lib/gcc/arm-none-eabi/4.9.2/armv6k/fpu/crtbegin.o
 .eh_frame      0x004a5ebc       0x70 c:/devkitpro/devkitarm/bin/../lib/gcc/arm-none-eabi/4.9.2/../../../../arm-none-eabi/lib/armv6k/fpu\libg.a(lib_a-strcmp.o)
 .eh_frame      0x004a5f2c        0x4 c:/devkitpro/devkitarm/bin/../lib/gcc/arm-none-eabi/4.9.2/armv6k/fpu/crtend.o

.jcr            0x004a5f30        0x4
 .jcr           0x004a5f30        0x0 c:/devkitpro/devkitarm/bin/../lib/gcc/arm-none-eabi/4.9.2/armv6k/fpu/crtbegin.o
 .jcr           0x004a5f30        0x4 c:/devkitpro/devkitarm/bin/../lib/gcc/arm-none-eabi/4.9.2/armv6k/fpu/crtend.o

.tm_clone_table
                0x004a5f34        0x0
 .tm_clone_table
                0x004a5f34        0x0 c:/devkitpro/devkitarm/bin/../lib/gcc/arm-none-eabi/4.9.2/armv6k/fpu/crtbegin.o
 .tm_clone_table
                0x004a5f34        0x0 c:/devkitpro/devkitarm/bin/../lib/gcc/arm-none-eabi/4.9.2/armv6k/fpu/crtend.o
                0x004a5f34                __TMC_END__

.preinit_array  0x004a5f34        0x0
                0x004a5f34                PROVIDE (__preinit_array_start, .)
 *(.preinit_array)
                0x004a5f34                PROVIDE (__preinit_array_end, .)

.init_array     0x004a5f34        0x4
                0x004a5f34                PROVIDE (__init_array_start, .)
 *(SORT(.init_array.*))
 *(.init_array)
 .init_array    0x004a5f34        0x4 c:/devkitpro/devkitarm/bin/../lib/gcc/arm-none-eabi/4.9.2/armv6k/fpu/crtbegin.o
                0x004a5f38                PROVIDE (__init_array_end, .)

.fini_array     0x004a5f38        0x4
                0x004a5f38                PROVIDE (__fini_array_start, .)
 *(.fini_array)
 .fini_array    0x004a5f38        0x4 c:/devkitpro/devkitarm/bin/../lib/gcc/arm-none-eabi/4.9.2/armv6k/fpu/crtbegin.o
 *(SORT(.fini_array.*))
                0x004a5f3c                PROVIDE (__fini_array_end, .)

.ctors
 *crtbegin.o(.ctors)
 *(EXCLUDE_FILE(*crtend.o) .ctors)
 *(SORT(.ctors.*))
 *(.ctors)

.dtors
 *crtbegin.o(.dtors)
 *(EXCLUDE_FILE(*crtend.o) .dtors)
 *(SORT(.dtors.*))
 *(.dtors)
                0x004a5f3c                __bss_start__ = .

.bss            0x004a5f3c     0xb7f4
 *(.dynbss)
 *(.bss)
 .bss           0x004a5f3c        0x0 c:/devkitpro/devkitarm/bin/../lib/gcc/arm-none-eabi/4.9.2/../../../../arm-none-eabi/lib/armv6k/fpu/3dsx_crt0.o
 .bss           0x004a5f3c        0x0 c:/devkitpro/devkitarm/bin/../lib/gcc/arm-none-eabi/4.9.2/armv6k/fpu/crti.o
 .bss           0x004a5f3c       0x1c c:/devkitpro/devkitarm/bin/../lib/gcc/arm-none-eabi/4.9.2/armv6k/fpu/crtbegin.o
 .bss           0x004a5f58        0x0 america_img.o
 .bss           0x004a5f58        0x0 cat2_img.o
 .bss           0x004a5f58        0x0 dub_img.o
 .bss           0x004a5f58        0x0 dub_tail_img.o
 .bss           0x004a5f58        0x0 font_img.o
 .bss           0x004a5f58        0x0 gb_img.o
 .bss           0x004a5f58        0x0 grumpy_img.o
 .bss           0x004a5f58        0x0 j5_img.o
 .bss           0x004a5f58        0x0 jamaicnyan_img.o
 .bss           0x004a5f58        0x0 jazz_img.o
 .bss           0x004a5f58       0x30 main.o
                0x004a5f58                play_state
 .bss           0x004a5f88        0x0 mummy_img.o
 .bss           0x004a5f88        0x0 nyaned_img.o
 .bss           0x004a5f88        0x0 pikanyan_img.o
 .bss           0x004a5f88        0x0 sad_img.o
 .bss           0x004a5f88        0x0 seconds_img.o
 .bss           0x004a5f88        0x0 selectscreeen_img.o
 .bss           0x004a5f88        0x0 skull_img.o
 .bss           0x004a5f88        0x0 star_img.o
 .bss           0x004a5f88        0x0 tacnayn_img.o
 .bss           0x004a5f88        0x0 technyancolor_img.o
 .bss           0x004a5f88        0x0 zombie_img.o
 .bss           0x004a5f88       0xc8 c:/devkitPro/libctru/lib\libsf2d.a(sf2d.o)
 .bss           0x004a6050        0x0 c:/devkitPro/libctru/lib\libsf2d.a(sf2d_draw.o)
 .bss           0x004a6050        0x0 c:/devkitPro/libctru/lib\libsf2d.a(sf2d_private.o)
 .bss           0x004a6050        0x0 c:/devkitPro/libctru/lib\libsf2d.a(sf2d_texture.o)
 .bss           0x004a6050        0x0 c:/devkitPro/libctru/lib\libsf2d.a(shader.vsh.o)
 .bss           0x004a6050       0x14 c:/devkitPro/libctru/lib\libctru.a(linear.o)
 .bss           0x004a6064        0x0 c:/devkitPro/libctru/lib\libctru.a(mem_pool.o)
 .bss           0x004a6064       0x14 c:/devkitPro/libctru/lib\libctru.a(vram.o)
 .bss           0x004a6078        0xc c:/devkitPro/libctru/lib\libctru.a(gfx.o)
                0x004a607c                screenFree
 .bss           0x004a6084        0x0 c:/devkitPro/libctru/lib\libctru.a(os.o)
 .bss           0x004a6084      0x400 c:/devkitPro/libctru/lib\libctru.a(gpu.o)
 .bss           0x004a6484        0x0 c:/devkitPro/libctru/lib\libctru.a(gpuResetSequence.o)
 .bss           0x004a6484        0x0 c:/devkitPro/libctru/lib\libctru.a(shaderProgram.o)
 .bss           0x004a6484        0x0 c:/devkitPro/libctru/lib\libctru.a(shbin.o)
 .bss           0x004a6484       0x50 c:/devkitPro/libctru/lib\libctru.a(apt.o)
                0x004a6488                aptStatusEvent
                0x004a648c                aptStatus
                0x004a6490                aptStatusPower
                0x004a6494                aptSleepSync
                0x004a64bc                aptStatusBeforeSleep
 .bss           0x004a64d4       0x1c c:/devkitPro/libctru/lib\libctru.a(csnd.o)
                0x004a64d8                csndSharedMem